Archive member included to satisfy reference by file (symbol)

/home/marconia/Universidad/Electronica Digital 3/ConDrivers/CMSISv2p00_LPC17xx/Debug/libCMSISv2p00_LPC17xx.a(system_LPC17xx.o)
                              ./src/TPFinal.o (SystemInit)
/home/marconia/Universidad/Electronica Digital 3/ConDrivers/CMSISv2p00_LPC17xx/Debug/libCMSISv2p00_LPC17xx.a(lpc17xx_adc.o)
                              ./src/TPFinal.o (ADC_Init)
/home/marconia/Universidad/Electronica Digital 3/ConDrivers/CMSISv2p00_LPC17xx/Debug/libCMSISv2p00_LPC17xx.a(lpc17xx_clkpwr.o)
                              /home/marconia/Universidad/Electronica Digital 3/ConDrivers/CMSISv2p00_LPC17xx/Debug/libCMSISv2p00_LPC17xx.a(lpc17xx_adc.o) (CLKPWR_GetPCLK)
/home/marconia/Universidad/Electronica Digital 3/ConDrivers/CMSISv2p00_LPC17xx/Debug/libCMSISv2p00_LPC17xx.a(lpc17xx_dac.o)
                              ./src/TPFinal.o (DAC_Init)
/home/marconia/Universidad/Electronica Digital 3/ConDrivers/CMSISv2p00_LPC17xx/Debug/libCMSISv2p00_LPC17xx.a(lpc17xx_gpdma.o)
                              ./src/TPFinal.o (GPDMA_Init)
/home/marconia/Universidad/Electronica Digital 3/ConDrivers/CMSISv2p00_LPC17xx/Debug/libCMSISv2p00_LPC17xx.a(lpc17xx_gpio.o)
                              ./src/TPFinal.o (GPIO_SetValue)
/home/marconia/Universidad/Electronica Digital 3/ConDrivers/CMSISv2p00_LPC17xx/Debug/libCMSISv2p00_LPC17xx.a(lpc17xx_libcfg_default.o)
                              /home/marconia/Universidad/Electronica Digital 3/ConDrivers/CMSISv2p00_LPC17xx/Debug/libCMSISv2p00_LPC17xx.a(lpc17xx_adc.o) (check_failed)
/home/marconia/Universidad/Electronica Digital 3/ConDrivers/CMSISv2p00_LPC17xx/Debug/libCMSISv2p00_LPC17xx.a(lpc17xx_pinsel.o)
                              ./src/TPFinal.o (PINSEL_ConfigPin)
/home/marconia/Universidad/Electronica Digital 3/ConDrivers/CMSISv2p00_LPC17xx/Debug/libCMSISv2p00_LPC17xx.a(lpc17xx_timer.o)
                              ./src/TPFinal.o (TIM_ClearIntPending)
/usr/local/mcuxpressoide-11.6.0_8187/ide/plugins/com.nxp.mcuxpresso.tools.linux_11.6.0.202112161359/tools/bin/../lib/gcc/arm-none-eabi/10.3.1/../../../../arm-none-eabi/lib/thumb/v7-m/nofp/libcr_c.a(__weak__main.o)
                              ./src/cr_startup_lpc175x_6x.o (__main)
/usr/local/mcuxpressoide-11.6.0_8187/ide/plugins/com.nxp.mcuxpresso.tools.linux_11.6.0.202112161359/tools/bin/../lib/gcc/arm-none-eabi/10.3.1/thumb/v7-m/nofp/libcr_eabihelpers.a(division_64.o)
                              /home/marconia/Universidad/Electronica Digital 3/ConDrivers/CMSISv2p00_LPC17xx/Debug/libCMSISv2p00_LPC17xx.a(system_LPC17xx.o) (__aeabi_ldivmod)
/usr/local/mcuxpressoide-11.6.0_8187/ide/plugins/com.nxp.mcuxpresso.tools.linux_11.6.0.202112161359/tools/bin/../lib/gcc/arm-none-eabi/10.3.1/thumb/v7-m/nofp/libcr_eabihelpers.a(division_idiv0.o)
                              /usr/local/mcuxpressoide-11.6.0_8187/ide/plugins/com.nxp.mcuxpresso.tools.linux_11.6.0.202112161359/tools/bin/../lib/gcc/arm-none-eabi/10.3.1/thumb/v7-m/nofp/libcr_eabihelpers.a(division_64.o) (__aeabi_idiv0)
/usr/local/mcuxpressoide-11.6.0_8187/ide/plugins/com.nxp.mcuxpresso.tools.linux_11.6.0.202112161359/tools/bin/../lib/gcc/arm-none-eabi/10.3.1/thumb/v7-m/nofp/libcr_eabihelpers.a(float.o)
                              ./src/TPFinal.o (__aeabi_fmul)

Discarded input sections

 .group         0x0000000000000000        0xc ./src/TPFinal.o
 .group         0x0000000000000000        0xc ./src/TPFinal.o
 .group         0x0000000000000000        0xc ./src/TPFinal.o
 .group         0x0000000000000000        0xc ./src/TPFinal.o
 .group         0x0000000000000000        0xc ./src/TPFinal.o
 .group         0x0000000000000000        0xc ./src/TPFinal.o
 .group         0x0000000000000000        0xc ./src/TPFinal.o
 .group         0x0000000000000000        0xc ./src/TPFinal.o
 .group         0x0000000000000000        0xc ./src/TPFinal.o
 .group         0x0000000000000000        0xc ./src/TPFinal.o
 .group         0x0000000000000000        0xc ./src/TPFinal.o
 .group         0x0000000000000000        0xc ./src/TPFinal.o
 .group         0x0000000000000000        0xc ./src/TPFinal.o
 .group         0x0000000000000000        0xc ./src/TPFinal.o
 .group         0x0000000000000000        0xc ./src/TPFinal.o
 .group         0x0000000000000000        0xc ./src/TPFinal.o
 .text          0x0000000000000000        0x0 ./src/TPFinal.o
 .data          0x0000000000000000        0x0 ./src/TPFinal.o
 .bss           0x0000000000000000        0x0 ./src/TPFinal.o
 .bss.temperatura
                0x0000000000000000        0x4 ./src/TPFinal.o
 .group         0x0000000000000000        0xc ./src/cr_startup_lpc175x_6x.o
 .text          0x0000000000000000        0x0 ./src/cr_startup_lpc175x_6x.o
 .data          0x0000000000000000        0x0 ./src/cr_startup_lpc175x_6x.o
 .bss           0x0000000000000000        0x0 ./src/cr_startup_lpc175x_6x.o
 .debug_macro   0x0000000000000000      0xa7e ./src/cr_startup_lpc175x_6x.o
[...]
Memory Configuration

Name             Origin             Length             Attributes
MFlash512        0x0000000000000000 0x0000000000080000 xr
RamLoc32         0x0000000010000000 0x0000000000008000 xrw
RamAHB32         0x000000002007c000 0x0000000000008000 xrw
*default*        0x0000000000000000 0xffffffffffffffff

Linker script and memory map

LOAD ./src/TPFinal.o
LOAD ./src/cr_startup_lpc175x_6x.o
LOAD ./src/crp.o
LOAD /home/marconia/Universidad/Electronica Digital 3/ConDrivers/CMSISv2p00_LPC17xx/Debug/libCMSISv2p00_LPC17xx.a
START GROUP
LOAD /usr/local/mcuxpressoide-11.6.0_8187/ide/plugins/com.nxp.mcuxpresso.tools.linux_11.6.0.202112161359/tools/bin/../lib/gcc/arm-none-eabi/10.3.1/../../../../arm-none-eabi/lib/thumb/v7-m/nofp/libcr_c.a
LOAD /usr/local/mcuxpressoide-11.6.0_8187/ide/plugins/com.nxp.mcuxpresso.tools.linux_11.6.0.202112161359/tools/bin/../lib/gcc/arm-none-eabi/10.3.1/thumb/v7-m/nofp/libcr_eabihelpers.a
LOAD /usr/local/mcuxpressoide-11.6.0_8187/ide/plugins/com.nxp.mcuxpresso.tools.linux_11.6.0.202112161359/tools/bin/../lib/gcc/arm-none-eabi/10.3.1/thumb/v7-m/nofp/libgcc.a
END GROUP
                0x0000000000000000                __base_MFlash512 = 0x0
                0x0000000000000000                __base_Flash = 0x0
                0x0000000000080000                __top_MFlash512 = 0x80000
                0x0000000000080000                __top_Flash = 0x80000
                0x0000000010000000                __base_RamLoc32 = 0x10000000
                0x0000000010000000                __base_RAM = 0x10000000
                0x0000000010008000                __top_RamLoc32 = 0x10008000
                0x0000000010008000                __top_RAM = 0x10008000
                0x000000002007c000                __base_RamAHB32 = 0x2007c000
                0x000000002007c000                __base_RAM2 = 0x2007c000
                0x0000000020084000                __top_RamAHB32 = 0x20084000
                0x0000000020084000                __top_RAM2 = 0x20084000

.text           0x0000000000000000     0x1418
 FILL mask 0xff
                0x0000000000000000                __vectors_start__ = ABSOLUTE (.)
 *(.isr_vector)
 .isr_vector    0x0000000000000000       0xcc ./src/cr_startup_lpc175x_6x.o
                0x0000000000000000                g_pfnVectors
                0x00000000000000cc                . = ALIGN (0x4)
                0x00000000000000cc                __section_table_start = .
                0x00000000000000cc                __data_section_table = .
                0x00000000000000cc        0x4 LONG 0x1418 LOADADDR (.data)
                0x00000000000000d0        0x4 LONG 0x10000000 ADDR (.data)
                0x00000000000000d4        0x4 LONG 0x1798 SIZEOF (.data)
                0x00000000000000d8        0x4 LONG 0x1418 LOADADDR (.data_RAM2)
                0x00000000000000dc        0x4 LONG 0x2007c000 ADDR (.data_RAM2)
                0x00000000000000e0        0x4 LONG 0x0 SIZEOF (.data_RAM2)
                0x00000000000000e4                __data_section_table_end = .
                0x00000000000000e4                __bss_section_table = .
                0x00000000000000e4        0x4 LONG 0x10001798 ADDR (.bss)
                0x00000000000000e8        0x4 LONG 0x1774 SIZEOF (.bss)
                0x00000000000000ec        0x4 LONG 0x2007c000 ADDR (.bss_RAM2)
                0x00000000000000f0        0x4 LONG 0x0 SIZEOF (.bss_RAM2)
                0x00000000000000f4                __bss_section_table_end = .
                0x00000000000000f4                __section_table_end = .
 *(.after_vectors*)
 .after_vectors
                0x00000000000000f4      0x130 ./src/cr_startup_lpc175x_6x.o
                0x00000000000000f4                data_init
                0x0000000000000138                bss_init
                0x0000000000000170                ResetISR
                0x00000000000001e8                NMI_Handler
                0x00000000000001ee                HardFault_Handler
                0x00000000000001f4                MemManage_Handler
                0x00000000000001fa                BusFault_Handler
                0x0000000000000200                UsageFault_Handler
                0x0000000000000206                SVC_Handler
                0x000000000000020c                DebugMon_Handler
                0x0000000000000212                PendSV_Handler
                0x0000000000000218                SysTick_Handler
                0x000000000000021e                TIMER2_IRQHandler
                0x000000000000021e                RIT_IRQHandler
                0x000000000000021e                I2C0_IRQHandler
                0x000000000000021e                USBActivity_IRQHandler
                0x000000000000021e                PWM1_IRQHandler
                0x000000000000021e                I2C1_IRQHandler
                0x000000000000021e                EINT2_IRQHandler
                0x000000000000021e                UART1_IRQHandler
                0x000000000000021e                EINT3_IRQHandler
                0x000000000000021e                CANActivity_IRQHandler
                0x000000000000021e                TIMER3_IRQHandler
                0x000000000000021e                UART0_IRQHandler
                0x000000000000021e                IntDefaultHandler
                0x000000000000021e                PLL0_IRQHandler
                0x000000000000021e                CAN_IRQHandler
                0x000000000000021e                PLL1_IRQHandler
                0x000000000000021e                SSP0_IRQHandler
                0x000000000000021e                I2S_IRQHandler
                0x000000000000021e                I2C2_IRQHandler
                0x000000000000021e                RTC_IRQHandler
                0x000000000000021e                SPI_IRQHandler
                0x000000000000021e                EINT1_IRQHandler
                0x000000000000021e                TIMER1_IRQHandler
                0x000000000000021e                UART2_IRQHandler
                0x000000000000021e                ADC_IRQHandler
                0x000000000000021e                SSP1_IRQHandler
                0x000000000000021e                USB_IRQHandler
                0x000000000000021e                BOD_IRQHandler
                0x000000000000021e                WDT_IRQHandler
                0x000000000000021e                QEI_IRQHandler
                0x000000000000021e                EINT0_IRQHandler
                0x000000000000021e                DMA_IRQHandler
                0x000000000000021e                UART3_IRQHandler
                0x000000000000021e                MCPWM_IRQHandler
                0x000000000000021e                ENET_IRQHandler
                0x00000000000002fc                . = 0x2fc
 *fill*         0x0000000000000224       0xd8 ff
                0x00000000000002fc                PROVIDE (__CRP_WORD_START__ = .)
 *(.crp)
 .crp           0x00000000000002fc        0x4 ./src/crp.o
                0x00000000000002fc                CRP_WORD
                0x0000000000000300                PROVIDE (__CRP_WORD_END__ = .)
                0x0000000000000001                ASSERT (! ((__CRP_WORD_START__ == __CRP_WORD_END__)), Linker CRP Enabled, but no CRP_WORD provided within application)
 *(.text*)
 .text.NVIC_EnableIRQ
                0x0000000000000300       0x30 ./src/TPFinal.o
 .text.confADC  0x0000000000000330       0x24 ./src/TPFinal.o
                0x0000000000000330                confADC
 .text.confPIN  0x0000000000000354       0x62 ./src/TPFinal.o
                0x0000000000000354                confPIN
 .text.confTIMER
                0x00000000000003b6       0x5a ./src/TPFinal.o
                0x00000000000003b6                confTIMER
 .text.confDMA  0x0000000000000410       0x5c ./src/TPFinal.o
                0x0000000000000410                confDMA
 .text.confDAC  0x000000000000046c       0x38 ./src/TPFinal.o
                0x000000000000046c                confDAC
 .text.confGPIO
                0x00000000000004a4       0x1c ./src/TPFinal.o
                0x00000000000004a4                confGPIO
 .text.uart_init
                0x00000000000004c0       0xc8 ./src/TPFinal.o
                0x00000000000004c0                uart_init
 .text.uart_RxChar
                0x0000000000000588       0x2c ./src/TPFinal.o
                0x0000000000000588                uart_RxChar
 .text.main     0x00000000000005b4       0xd8 ./src/TPFinal.o
                0x00000000000005b4                main
 .text.TIMER0_IRQHandler
                0x000000000000068c       0x38 ./src/TPFinal.o
                0x000000000000068c                TIMER0_IRQHandler
 .text.SystemInit
                0x00000000000006c4       0xd8 /home/marconia/Universidad/Electronica Digital 3/ConDrivers/CMSISv2p00_LPC17xx/Debug/libCMSISv2p00_LPC17xx.a(system_LPC17xx.o)
                0x00000000000006c4                SystemInit
 .text.ADC_Init
                0x000000000000079c       0x58 /home/marconia/Universidad/Electronica Digital 3/ConDrivers/CMSISv2p00_LPC17xx/Debug/libCMSISv2p00_LPC17xx.a(lpc17xx_adc.o)
                0x000000000000079c                ADC_Init
 .text.ADC_StartCmd
                0x00000000000007f4       0x3c /home/marconia/Universidad/Electronica Digital 3/ConDrivers/CMSISv2p00_LPC17xx/Debug/libCMSISv2p00_LPC17xx.a(lpc17xx_adc.o)
                0x00000000000007f4                ADC_StartCmd
 .text.ADC_ChannelCmd
                0x0000000000000830       0x34 /home/marconia/Universidad/Electronica Digital 3/ConDrivers/CMSISv2p00_LPC17xx/Debug/libCMSISv2p00_LPC17xx.a(lpc17xx_adc.o)
                0x0000000000000830                ADC_ChannelCmd
 .text.ADC_ChannelGetData
                0x0000000000000864       0x28 /home/marconia/Universidad/Electronica Digital 3/ConDrivers/CMSISv2p00_LPC17xx/Debug/libCMSISv2p00_LPC17xx.a(lpc17xx_adc.o)
                0x0000000000000864                ADC_ChannelGetData
 .text.CLKPWR_SetPCLKDiv
                0x000000000000088c       0x4c /home/marconia/Universidad/Electronica Digital 3/ConDrivers/CMSISv2p00_LPC17xx/Debug/libCMSISv2p00_LPC17xx.a(lpc17xx_clkpwr.o)
                0x000000000000088c                CLKPWR_SetPCLKDiv
 .text.CLKPWR_GetPCLKSEL
                0x00000000000008d8       0x20 /home/marconia/Universidad/Electronica Digital 3/ConDrivers/CMSISv2p00_LPC17xx/Debug/libCMSISv2p00_LPC17xx.a(lpc17xx_clkpwr.o)
                0x00000000000008d8                CLKPWR_GetPCLKSEL
 .text.CLKPWR_GetPCLK
                0x00000000000008f8       0x20 /home/marconia/Universidad/Electronica Digital 3/ConDrivers/CMSISv2p00_LPC17xx/Debug/libCMSISv2p00_LPC17xx.a(lpc17xx_clkpwr.o)
                0x00000000000008f8                CLKPWR_GetPCLK
 .text.CLKPWR_ConfigPPWR
                0x0000000000000918       0x34 /home/marconia/Universidad/Electronica Digital 3/ConDrivers/CMSISv2p00_LPC17xx/Debug/libCMSISv2p00_LPC17xx.a(lpc17xx_clkpwr.o)
                0x0000000000000918                CLKPWR_ConfigPPWR
 .text.DAC_Init
                0x000000000000094c       0x24 /home/marconia/Universidad/Electronica Digital 3/ConDrivers/CMSISv2p00_LPC17xx/Debug/libCMSISv2p00_LPC17xx.a(lpc17xx_dac.o)
                0x000000000000094c                DAC_Init
 .text.DAC_ConfigDAConverterControl
                0x0000000000000970       0x4c /home/marconia/Universidad/Electronica Digital 3/ConDrivers/CMSISv2p00_LPC17xx/Debug/libCMSISv2p00_LPC17xx.a(lpc17xx_dac.o)
                0x0000000000000970                DAC_ConfigDAConverterControl
 .text.DAC_SetDMATimeOut
                0x00000000000009bc       0x24 /home/marconia/Universidad/Electronica Digital 3/ConDrivers/CMSISv2p00_LPC17xx/Debug/libCMSISv2p00_LPC17xx.a(lpc17xx_dac.o)
                0x00000000000009bc                DAC_SetDMATimeOut
 .text.GPDMA_Init
                0x00000000000009e0       0x38 /home/marconia/Universidad/Electronica Digital 3/ConDrivers/CMSISv2p00_LPC17xx/Debug/libCMSISv2p00_LPC17xx.a(lpc17xx_gpdma.o)
                0x00000000000009e0                GPDMA_Init
 .text.GPDMA_Setup
                0x0000000000000a18      0x1d8 /home/marconia/Universidad/Electronica Digital 3/ConDrivers/CMSISv2p00_LPC17xx/Debug/libCMSISv2p00_LPC17xx.a(lpc17xx_gpdma.o)
                0x0000000000000a18                GPDMA_Setup
 .text.GPDMA_ChannelCmd
                0x0000000000000bf0       0x1c /home/marconia/Universidad/Electronica Digital 3/ConDrivers/CMSISv2p00_LPC17xx/Debug/libCMSISv2p00_LPC17xx.a(lpc17xx_gpdma.o)
                0x0000000000000bf0                GPDMA_ChannelCmd
 .text.GPIO_GetPointer
                0x0000000000000c0c       0x12 /home/marconia/Universidad/Electronica Digital 3/ConDrivers/CMSISv2p00_LPC17xx/Debug/libCMSISv2p00_LPC17xx.a(lpc17xx_gpio.o)
 .text.GPIO_SetValue
                0x0000000000000c1e        0xc /home/marconia/Universidad/Electronica Digital 3/ConDrivers/CMSISv2p00_LPC17xx/Debug/libCMSISv2p00_LPC17xx.a(lpc17xx_gpio.o)
                0x0000000000000c1e                GPIO_SetValue
 .text.GPIO_ClearValue
                0x0000000000000c2a        0xc /home/marconia/Universidad/Electronica Digital 3/ConDrivers/CMSISv2p00_LPC17xx/Debug/libCMSISv2p00_LPC17xx.a(lpc17xx_gpio.o)
                0x0000000000000c2a                GPIO_ClearValue
 .text.check_failed
                0x0000000000000c36        0x2 /home/marconia/Universidad/Electronica Digital 3/ConDrivers/CMSISv2p00_LPC17xx/Debug/libCMSISv2p00_LPC17xx.a(lpc17xx_libcfg_default.o)
                0x0000000000000c36                check_failed
 .text.PINSEL_ConfigPin
                0x0000000000000c38       0x7c /home/marconia/Universidad/Electronica Digital 3/ConDrivers/CMSISv2p00_LPC17xx/Debug/libCMSISv2p00_LPC17xx.a(lpc17xx_pinsel.o)
                0x0000000000000c38                PINSEL_ConfigPin
 .text.TIM_ClearIntPending
                0x0000000000000cb4       0x4c /home/marconia/Universidad/Electronica Digital 3/ConDrivers/CMSISv2p00_LPC17xx/Debug/libCMSISv2p00_LPC17xx.a(lpc17xx_timer.o)
                0x0000000000000cb4                TIM_ClearIntPending
 .text.TIM_Init
                0x0000000000000d00      0x15c /home/marconia/Universidad/Electronica Digital 3/ConDrivers/CMSISv2p00_LPC17xx/Debug/libCMSISv2p00_LPC17xx.a(lpc17xx_timer.o)
                0x0000000000000d00                TIM_Init
 .text.TIM_Cmd  0x0000000000000e5c       0x48 /home/marconia/Universidad/Electronica Digital 3/ConDrivers/CMSISv2p00_LPC17xx/Debug/libCMSISv2p00_LPC17xx.a(lpc17xx_timer.o)
                0x0000000000000e5c                TIM_Cmd
 .text.TIM_ConfigMatch
                0x0000000000000ea4       0xcc /home/marconia/Universidad/Electronica Digital 3/ConDrivers/CMSISv2p00_LPC17xx/Debug/libCMSISv2p00_LPC17xx.a(lpc17xx_timer.o)
                0x0000000000000ea4                TIM_ConfigMatch
 .text.__weak_main
                0x0000000000000f70        0x4 /usr/local/mcuxpressoide-11.6.0_8187/ide/plugins/com.nxp.mcuxpresso.tools.linux_11.6.0.202112161359/tools/bin/../lib/gcc/arm-none-eabi/10.3.1/../../../../arm-none-eabi/lib/thumb/v7-m/nofp/libcr_c.a(__weak__main.o)
                0x0000000000000f70                __main
                0x0000000000000f70                __weak_main
 .text.__aeabi_division_uldivmod
                0x0000000000000f74      0x174 /usr/local/mcuxpressoide-11.6.0_8187/ide/plugins/com.nxp.mcuxpresso.tools.linux_11.6.0.202112161359/tools/bin/../lib/gcc/arm-none-eabi/10.3.1/thumb/v7-m/nofp/libcr_eabihelpers.a(division_64.o)
                0x0000000000000f74                __aeabi_uldivmod
                0x0000000000000f78                __bhs_ldivmod1
 .text.__aeabi_division_idiv0
                0x00000000000010e8        0x2 /usr/local/mcuxpressoide-11.6.0_8187/ide/plugins/com.nxp.mcuxpresso.tools.linux_11.6.0.202112161359/tools/bin/../lib/gcc/arm-none-eabi/10.3.1/thumb/v7-m/nofp/libcr_eabihelpers.a(division_idiv0.o)
                0x00000000000010e8                __aeabi_idiv0
 *fill*         0x00000000000010ea        0x2 ff
 .text.__aeabi_fmul
                0x00000000000010ec       0xac /usr/local/mcuxpressoide-11.6.0_8187/ide/plugins/com.nxp.mcuxpresso.tools.linux_11.6.0.202112161359/tools/bin/../lib/gcc/arm-none-eabi/10.3.1/thumb/v7-m/nofp/libcr_eabihelpers.a(float.o)
                0x00000000000010ec                __aeabi_fmul
 .text.__aeabi_fsub
                0x0000000000001198       0xe4 /usr/local/mcuxpressoide-11.6.0_8187/ide/plugins/com.nxp.mcuxpresso.tools.linux_11.6.0.202112161359/tools/bin/../lib/gcc/arm-none-eabi/10.3.1/thumb/v7-m/nofp/libcr_eabihelpers.a(float.o)
                0x0000000000001198                __aeabi_fsub
 .text.__aeabi_fadd
                0x000000000000127c       0xb4 /usr/local/mcuxpressoide-11.6.0_8187/ide/plugins/com.nxp.mcuxpresso.tools.linux_11.6.0.202112161359/tools/bin/../lib/gcc/arm-none-eabi/10.3.1/thumb/v7-m/nofp/libcr_eabihelpers.a(float.o)
                0x000000000000127c                __aeabi_fadd
 .text.__aeabi_f2uiz
                0x0000000000001330       0x28 /usr/local/mcuxpressoide-11.6.0_8187/ide/plugins/com.nxp.mcuxpresso.tools.linux_11.6.0.202112161359/tools/bin/../lib/gcc/arm-none-eabi/10.3.1/thumb/v7-m/nofp/libcr_eabihelpers.a(float.o)
                0x0000000000001330                __aeabi_f2uiz
 *(.rodata .rodata.* .constdata .constdata.*)
 .rodata.ADC_Init.str1.1
                0x0000000000001358        0xe /home/marconia/Universidad/Electronica Digital 3/ConDrivers/CMSISv2p00_LPC17xx/Debug/libCMSISv2p00_LPC17xx.a(lpc17xx_adc.o)
 .rodata.CSWTCH.5
                0x0000000000001366        0x4 /home/marconia/Universidad/Electronica Digital 3/ConDrivers/CMSISv2p00_LPC17xx/Debug/libCMSISv2p00_LPC17xx.a(lpc17xx_clkpwr.o)
 .rodata.DAC_Init.str1.1
                0x000000000000136a        0xe /home/marconia/Universidad/Electronica Digital 3/ConDrivers/CMSISv2p00_LPC17xx/Debug/libCMSISv2p00_LPC17xx.a(lpc17xx_dac.o)
 .rodata.GPDMA_LUTPerAddr
                0x0000000000001378       0x60 /home/marconia/Universidad/Electronica Digital 3/ConDrivers/CMSISv2p00_LPC17xx/Debug/libCMSISv2p00_LPC17xx.a(lpc17xx_gpdma.o)
                0x0000000000001378                GPDMA_LUTPerAddr
 .rodata.GPDMA_LUTPerBurst
                0x00000000000013d8       0x18 /home/marconia/Universidad/Electronica Digital 3/ConDrivers/CMSISv2p00_LPC17xx/Debug/libCMSISv2p00_LPC17xx.a(lpc17xx_gpdma.o)
                0x00000000000013d8                GPDMA_LUTPerBurst
 .rodata.GPDMA_LUTPerWid
                0x00000000000013f0       0x18 /home/marconia/Universidad/Electronica Digital 3/ConDrivers/CMSISv2p00_LPC17xx/Debug/libCMSISv2p00_LPC17xx.a(lpc17xx_gpdma.o)
                0x00000000000013f0                GPDMA_LUTPerWid
 .rodata.TIM_GetIntStatus.str1.1
                0x0000000000001408       0x10 /home/marconia/Universidad/Electronica Digital 3/ConDrivers/CMSISv2p00_LPC17xx/Debug/libCMSISv2p00_LPC17xx.a(lpc17xx_timer.o)
                0x0000000000001418                . = ALIGN (0x4)

.glue_7         0x0000000000001418        0x0
 .glue_7        0x0000000000001418        0x0 linker stubs

.glue_7t        0x0000000000001418        0x0
 .glue_7t       0x0000000000001418        0x0 linker stubs

.vfp11_veneer   0x0000000000001418        0x0
 .vfp11_veneer  0x0000000000001418        0x0 linker stubs

.v4_bx          0x0000000000001418        0x0
 .v4_bx         0x0000000000001418        0x0 linker stubs

.iplt           0x0000000000001418        0x0
 .iplt          0x0000000000001418        0x0 ./src/TPFinal.o

.rel.dyn        0x0000000000001418        0x0
 .rel.iplt      0x0000000000001418        0x0 ./src/TPFinal.o

.ARM.extab
 *(.ARM.extab* .gnu.linkonce.armextab.*)

.ARM.exidx      0x0000000000001418        0x0
                0x0000000000001418                __exidx_start = .
 *(.ARM.exidx* .gnu.linkonce.armexidx.*)
                0x0000000000001418                __exidx_end = .
                0x0000000000001418                _etext = .

.data_RAM2      0x000000002007c000        0x0 load address 0x0000000000001418
 FILL mask 0xff
                [!provide]                        PROVIDE (__start_data_RAM2 = .)
                [!provide]                        PROVIDE (__start_data_RamAHB32 = .)
 *(.ramfunc.$RAM2)
 *(.ramfunc.$RamAHB32)
 *(.data.$RAM2)
 *(.data.$RamAHB32)
 *(.data.$RAM2.*)
 *(.data.$RamAHB32.*)
                0x000000002007c000                . = ALIGN (0x4)
                [!provide]                        PROVIDE (__end_data_RAM2 = .)
                [!provide]                        PROVIDE (__end_data_RamAHB32 = .)

.uninit_RESERVED
                0x0000000010000000        0x0
                0x0000000010000000                _start_uninit_RESERVED = .
 *(.bss.$RESERVED*)
                0x0000000010000000                . = ALIGN (0x4)
                0x0000000010000000                _end_uninit_RESERVED = .

.data           0x0000000010000000     0x1798 load address 0x0000000000001418
 FILL mask 0xff
                0x0000000010000000                _data = .
                [!provide]                        PROVIDE (__start_data_RAM = .)
                [!provide]                        PROVIDE (__start_data_RamLoc32 = .)
 *(vtable)
 *(.ramfunc*)
 *(CodeQuickAccess)
 *(DataQuickAccess)
 *(RamFunction)
 *(.data*)
 .data.muestras
                0x0000000010000000     0x1774 ./src/TPFinal.o
                0x0000000010000000                muestras
 .data.SystemCoreClock
                0x0000000010001774        0x4 /home/marconia/Universidad/Electronica Digital 3/ConDrivers/CMSISv2p00_LPC17xx/Debug/libCMSISv2p00_LPC17xx.a(system_LPC17xx.o)
                0x0000000010001774                SystemCoreClock
 .data.pGPDMACh
                0x0000000010001778       0x20 /home/marconia/Universidad/Electronica Digital 3/ConDrivers/CMSISv2p00_LPC17xx/Debug/libCMSISv2p00_LPC17xx.a(lpc17xx_gpdma.o)
                0x0000000010001778                pGPDMACh
                0x0000000010001798                . = ALIGN (0x4)
                0x0000000010001798                _edata = .
                [!provide]                        PROVIDE (__end_data_RAM = .)
                [!provide]                        PROVIDE (__end_data_RamLoc32 = .)

.igot.plt       0x0000000010001798        0x0 load address 0x0000000000002bb0
 .igot.plt      0x0000000010001798        0x0 ./src/TPFinal.o

.bss_RAM2       0x000000002007c000        0x0
                [!provide]                        PROVIDE (__start_bss_RAM2 = .)
                [!provide]                        PROVIDE (__start_bss_RamAHB32 = .)
 *(.bss.$RAM2)
 *(.bss.$RamAHB32)
 *(.bss.$RAM2.*)
 *(.bss.$RamAHB32.*)
                0x000000002007c000                . = ALIGN ((. != 0x0)?0x4:0x1)
                [!provide]                        PROVIDE (__end_bss_RAM2 = .)
                [!provide]                        PROVIDE (__end_bss_RamAHB32 = .)

.bss            0x0000000010001798     0x1774
                0x0000000010001798                _bss = .
                [!provide]                        PROVIDE (__start_bss_RAM = .)
                [!provide]                        PROVIDE (__start_bss_RamLoc32 = .)
 *(.bss*)
 .bss.tono      0x0000000010001798     0x1770 ./src/TPFinal.o
                0x0000000010001798                tono
 .bss.tempMed   0x0000000010002f08        0x2 ./src/TPFinal.o
                0x0000000010002f08                tempMed
 *(COMMON)
                0x0000000010002f0c                . = ALIGN (0x4)
 *fill*         0x0000000010002f0a        0x2 
                0x0000000010002f0c                _ebss = .
                [!provide]                        PROVIDE (__end_bss_RAM = .)
                [!provide]                        PROVIDE (__end_bss_RamLoc32 = .)
                [!provide]                        PROVIDE (end = .)

.noinit_RAM2    0x000000002007c000        0x0
                [!provide]                        PROVIDE (__start_noinit_RAM2 = .)
                [!provide]                        PROVIDE (__start_noinit_RamAHB32 = .)
 *(.noinit.$RAM2)
 *(.noinit.$RamAHB32)
 *(.noinit.$RAM2.*)
 *(.noinit.$RamAHB32.*)
                0x000000002007c000                . = ALIGN (0x4)
                [!provide]                        PROVIDE (__end_noinit_RAM2 = .)
                [!provide]                        PROVIDE (__end_noinit_RamAHB32 = .)

.noinit         0x0000000010002f0c        0x0
                0x0000000010002f0c                _noinit = .
                [!provide]                        PROVIDE (__start_noinit_RAM = .)
                [!provide]                        PROVIDE (__start_noinit_RamLoc32 = .)
 *(.noinit*)
                0x0000000010002f0c                . = ALIGN (0x4)
                0x0000000010002f0c                _end_noinit = .
                [!provide]                        PROVIDE (__end_noinit_RAM = .)
                [!provide]                        PROVIDE (__end_noinit_RamLoc32 = .)
                [!provide]                        PROVIDE (_pvHeapStart = DEFINED (__user_heap_base)?__user_heap_base:.)
                0x0000000010008000                PROVIDE (_vStackTop = DEFINED (__user_stack_top)?__user_stack_top:(__top_RamLoc32 - 0x0))
                0xffffffffefff74c6                PROVIDE (__valid_user_code_checksum = (0x0 - ((((((_vStackTop + (ResetISR + 0x1)) + (NMI_Handler + 0x1)) + (HardFault_Handler + 0x1)) + (DEFINED (MemManage_Handler)?MemManage_Handler:0x0 + 0x1)) + (DEFINED (BusFault_Handler)?BusFault_Handler:0x0 + 0x1)) + (DEFINED (UsageFault_Handler)?UsageFault_Handler:0x0 + 0x1))))
                0x0000000000000000                _image_start = LOADADDR (.text)
                0x0000000000002bb0                _image_end = (LOADADDR (.data) + SIZEOF (.data))
                0x0000000000002bb0                _image_size = (_image_end - _image_start)
OUTPUT(TPFinal.axf elf32-littlearm)
LOAD linker stubs

.debug_info     0x0000000000000000     0x5fed
 .debug_info    0x0000000000000000     0x137e ./src/TPFinal.o
 .debug_info    0x000000000000137e      0x27f ./src/cr_startup_lpc175x_6x.o
 .debug_info    0x00000000000015fd       0x40 ./src/crp.o
 .debug_info    0x000000000000163d      0x347 /home/marconia/Universidad/Electronica Digital 3/ConDrivers/CMSISv2p00_LPC17xx/Debug/libCMSISv2p00_LPC17xx.a(system_LPC17xx.o)
 .debug_info    0x0000000000001984      0x8f0 /home/marconia/Universidad/Electronica Digital 3/ConDrivers/CMSISv2p00_LPC17xx/Debug/libCMSISv2p00_LPC17xx.a(lpc17xx_adc.o)
 .debug_info    0x0000000000002274      0x6ca /home/marconia/Universidad/Electronica Digital 3/ConDrivers/CMSISv2p00_LPC17xx/Debug/libCMSISv2p00_LPC17xx.a(lpc17xx_clkpwr.o)
 .debug_info    0x000000000000293e      0x365 /home/marconia/Universidad/Electronica Digital 3/ConDrivers/CMSISv2p00_LPC17xx/Debug/libCMSISv2p00_LPC17xx.a(lpc17xx_dac.o)
 .debug_info    0x0000000000002ca3     0x112b /home/marconia/Universidad/Electronica Digital 3/ConDrivers/CMSISv2p00_LPC17xx/Debug/libCMSISv2p00_LPC17xx.a(lpc17xx_gpdma.o)
 .debug_info    0x0000000000003dce      0xfb3 /home/marconia/Universidad/Electronica Digital 3/ConDrivers/CMSISv2p00_LPC17xx/Debug/libCMSISv2p00_LPC17xx.a(lpc17xx_gpio.o)
 .debug_info    0x0000000000004d81       0xd4 /home/marconia/Universidad/Electronica Digital 3/ConDrivers/CMSISv2p00_LPC17xx/Debug/libCMSISv2p00_LPC17xx.a(lpc17xx_libcfg_default.o)
 .debug_info    0x0000000000004e55      0x544 /home/marconia/Universidad/Electronica Digital 3/ConDrivers/CMSISv2p00_LPC17xx/Debug/libCMSISv2p00_LPC17xx.a(lpc17xx_pinsel.o)
 .debug_info    0x0000000000005399      0xc54 /home/marconia/Universidad/Electronica Digital 3/ConDrivers/CMSISv2p00_LPC17xx/Debug/libCMSISv2p00_LPC17xx.a(lpc17xx_timer.o)

.debug_abbrev   0x0000000000000000     0x14d0
 .debug_abbrev  0x0000000000000000      0x2bd ./src/TPFinal.o
 .debug_abbrev  0x00000000000002bd      0x122 ./src/cr_startup_lpc175x_6x.o
 .debug_abbrev  0x00000000000003df       0x38 ./src/crp.o
 .debug_abbrev  0x0000000000000417      0x10e /home/marconia/Universidad/Electronica Digital 3/ConDrivers/CMSISv2p00_LPC17xx/Debug/libCMSISv2p00_LPC17xx.a(system_LPC17xx.o)
 .debug_abbrev  0x0000000000000525      0x1bb /home/marconia/Universidad/Electronica Digital 3/ConDrivers/CMSISv2p00_LPC17xx/Debug/libCMSISv2p00_LPC17xx.a(lpc17xx_adc.o)
 .debug_abbrev  0x00000000000006e0      0x1f1 /home/marconia/Universidad/Electronica Digital 3/ConDrivers/CMSISv2p00_LPC17xx/Debug/libCMSISv2p00_LPC17xx.a(lpc17xx_clkpwr.o)
 .debug_abbrev  0x00000000000008d1      0x17f /home/marconia/Universidad/Electronica Digital 3/ConDrivers/CMSISv2p00_LPC17xx/Debug/libCMSISv2p00_LPC17xx.a(lpc17xx_dac.o)
 .debug_abbrev  0x0000000000000a50      0x287 /home/marconia/Universidad/Electronica Digital 3/ConDrivers/CMSISv2p00_LPC17xx/Debug/libCMSISv2p00_LPC17xx.a(lpc17xx_gpdma.o)
 .debug_abbrev  0x0000000000000cd7      0x303 /home/marconia/Universidad/Electronica Digital 3/ConDrivers/CMSISv2p00_LPC17xx/Debug/libCMSISv2p00_LPC17xx.a(lpc17xx_gpio.o)
 .debug_abbrev  0x0000000000000fda       0x75 /home/marconia/Universidad/Electronica Digital 3/ConDrivers/CMSISv2p00_LPC17xx/Debug/libCMSISv2p00_LPC17xx.a(lpc17xx_libcfg_default.o)
 .debug_abbrev  0x000000000000104f      0x1b9 /home/marconia/Universidad/Electronica Digital 3/ConDrivers/CMSISv2p00_LPC17xx/Debug/libCMSISv2p00_LPC17xx.a(lpc17xx_pinsel.o)
 .debug_abbrev  0x0000000000001208      0x2c8 /home/marconia/Universidad/Electronica Digital 3/ConDrivers/CMSISv2p00_LPC17xx/Debug/libCMSISv2p00_LPC17xx.a(lpc17xx_timer.o)

.debug_aranges  0x0000000000000000      0x440
 .debug_aranges
                0x0000000000000000       0x70 ./src/TPFinal.o
 .debug_aranges
                0x0000000000000070       0x80 ./src/cr_startup_lpc175x_6x.o
 .debug_aranges
                0x00000000000000f0       0x18 ./src/crp.o
 .debug_aranges
                0x0000000000000108       0x28 /home/marconia/Universidad/Electronica Digital 3/ConDrivers/CMSISv2p00_LPC17xx/Debug/libCMSISv2p00_LPC17xx.a(system_LPC17xx.o)
 .debug_aranges
                0x0000000000000130       0x80 /home/marconia/Universidad/Electronica Digital 3/ConDrivers/CMSISv2p00_LPC17xx/Debug/libCMSISv2p00_LPC17xx.a(lpc17xx_adc.o)
 .debug_aranges
                0x00000000000001b0       0x58 /home/marconia/Universidad/Electronica Digital 3/ConDrivers/CMSISv2p00_LPC17xx/Debug/libCMSISv2p00_LPC17xx.a(lpc17xx_clkpwr.o)
 .debug_aranges
                0x0000000000000208       0x40 /home/marconia/Universidad/Electronica Digital 3/ConDrivers/CMSISv2p00_LPC17xx/Debug/libCMSISv2p00_LPC17xx.a(lpc17xx_dac.o)
 .debug_aranges
                0x0000000000000248       0x40 /home/marconia/Universidad/Electronica Digital 3/ConDrivers/CMSISv2p00_LPC17xx/Debug/libCMSISv2p00_LPC17xx.a(lpc17xx_gpdma.o)
 .debug_aranges
                0x0000000000000288       0xe8 /home/marconia/Universidad/Electronica Digital 3/ConDrivers/CMSISv2p00_LPC17xx/Debug/libCMSISv2p00_LPC17xx.a(lpc17xx_gpio.o)
 .debug_aranges
                0x0000000000000370       0x20 /home/marconia/Universidad/Electronica Digital 3/ConDrivers/CMSISv2p00_LPC17xx/Debug/libCMSISv2p00_LPC17xx.a(lpc17xx_libcfg_default.o)
 .debug_aranges
                0x0000000000000390       0x30 /home/marconia/Universidad/Electronica Digital 3/ConDrivers/CMSISv2p00_LPC17xx/Debug/libCMSISv2p00_LPC17xx.a(lpc17xx_pinsel.o)
 .debug_aranges
                0x00000000000003c0       0x80 /home/marconia/Universidad/Electronica Digital 3/ConDrivers/CMSISv2p00_LPC17xx/Debug/libCMSISv2p00_LPC17xx.a(lpc17xx_timer.o)

.debug_ranges   0x0000000000000000      0x448
 .debug_ranges  0x0000000000000000       0x60 ./src/TPFinal.o
 .debug_ranges  0x0000000000000060       0x70 ./src/cr_startup_lpc175x_6x.o
 .debug_ranges  0x00000000000000d0       0x18 /home/marconia/Universidad/Electronica Digital 3/ConDrivers/CMSISv2p00_LPC17xx/Debug/libCMSISv2p00_LPC17xx.a(system_LPC17xx.o)
 .debug_ranges  0x00000000000000e8       0x70 /home/marconia/Universidad/Electronica Digital 3/ConDrivers/CMSISv2p00_LPC17xx/Debug/libCMSISv2p00_LPC17xx.a(lpc17xx_adc.o)
 .debug_ranges  0x0000000000000158       0x48 /home/marconia/Universidad/Electronica Digital 3/ConDrivers/CMSISv2p00_LPC17xx/Debug/libCMSISv2p00_LPC17xx.a(lpc17xx_clkpwr.o)
 .debug_ranges  0x00000000000001a0       0x30 /home/marconia/Universidad/Electronica Digital 3/ConDrivers/CMSISv2p00_LPC17xx/Debug/libCMSISv2p00_LPC17xx.a(lpc17xx_dac.o)
 .debug_ranges  0x00000000000001d0       0x30 /home/marconia/Universidad/Electronica Digital 3/ConDrivers/CMSISv2p00_LPC17xx/Debug/libCMSISv2p00_LPC17xx.a(lpc17xx_gpdma.o)
 .debug_ranges  0x0000000000000200       0xf0 /home/marconia/Universidad/Electronica Digital 3/ConDrivers/CMSISv2p00_LPC17xx/Debug/libCMSISv2p00_LPC17xx.a(lpc17xx_gpio.o)
 .debug_ranges  0x00000000000002f0       0x10 /home/marconia/Universidad/Electronica Digital 3/ConDrivers/CMSISv2p00_LPC17xx/Debug/libCMSISv2p00_LPC17xx.a(lpc17xx_libcfg_default.o)
 .debug_ranges  0x0000000000000300       0x60 /home/marconia/Universidad/Electronica Digital 3/ConDrivers/CMSISv2p00_LPC17xx/Debug/libCMSISv2p00_LPC17xx.a(lpc17xx_pinsel.o)
 .debug_ranges  0x0000000000000360       0xe8 /home/marconia/Universidad/Electronica Digital 3/ConDrivers/CMSISv2p00_LPC17xx/Debug/libCMSISv2p00_LPC17xx.a(lpc17xx_timer.o)

.debug_macro    0x0000000000000000     0x4278
 .debug_macro   0x0000000000000000      0x106 ./src/TPFinal.o
 .debug_macro   0x0000000000000106      0xa7e ./src/TPFinal.o
 .debug_macro   0x0000000000000b84       0x1c ./src/TPFinal.o
 .debug_macro   0x0000000000000ba0       0x2e ./src/TPFinal.o
 .debug_macro   0x0000000000000bce       0x10 ./src/TPFinal.o
 .debug_macro   0x0000000000000bde      0x12e ./src/TPFinal.o
 .debug_macro   0x0000000000000d0c      0x5b3 ./src/TPFinal.o
 .debug_macro   0x00000000000012bf       0x18 ./src/TPFinal.o
 .debug_macro   0x00000000000012d7      0x7af ./src/TPFinal.o
 .debug_macro   0x0000000000001a86      0x2c7 ./src/TPFinal.o
 .debug_macro   0x0000000000001d4d       0x63 ./src/TPFinal.o
 .debug_macro   0x0000000000001db0       0x40 ./src/TPFinal.o
 .debug_macro   0x0000000000001df0       0xeb ./src/TPFinal.o
 .debug_macro   0x0000000000001edb       0x40 ./src/TPFinal.o
 .debug_macro   0x0000000000001f1b      0x2ae ./src/TPFinal.o
 .debug_macro   0x00000000000021c9      0x145 ./src/TPFinal.o
 .debug_macro   0x000000000000230e       0xea ./src/TPFinal.o
 .debug_macro   0x00000000000023f8       0x1d ./src/cr_startup_lpc175x_6x.o
 .debug_macro   0x0000000000002415       0x1a ./src/crp.o
 .debug_macro   0x000000000000242f       0x34 ./src/crp.o
 .debug_macro   0x0000000000002463      0x12b /home/marconia/Universidad/Electronica Digital 3/ConDrivers/CMSISv2p00_LPC17xx/Debug/libCMSISv2p00_LPC17xx.a(system_LPC17xx.o)
 .debug_macro   0x000000000000258e      0xa78 /home/marconia/Universidad/Electronica Digital 3/ConDrivers/CMSISv2p00_LPC17xx/Debug/libCMSISv2p00_LPC17xx.a(system_LPC17xx.o)
 .debug_macro   0x0000000000003006       0x9f /home/marconia/Universidad/Electronica Digital 3/ConDrivers/CMSISv2p00_LPC17xx/Debug/libCMSISv2p00_LPC17xx.a(lpc17xx_adc.o)
 .debug_macro   0x00000000000030a5       0xe5 /home/marconia/Universidad/Electronica Digital 3/ConDrivers/CMSISv2p00_LPC17xx/Debug/libCMSISv2p00_LPC17xx.a(lpc17xx_adc.o)
 .debug_macro   0x000000000000318a      0x2f7 /home/marconia/Universidad/Electronica Digital 3/ConDrivers/CMSISv2p00_LPC17xx/Debug/libCMSISv2p00_LPC17xx.a(lpc17xx_adc.o)
 .debug_macro   0x0000000000003481       0xdd /home/marconia/Universidad/Electronica Digital 3/ConDrivers/CMSISv2p00_LPC17xx/Debug/libCMSISv2p00_LPC17xx.a(lpc17xx_adc.o)
 .debug_macro   0x000000000000355e       0x8d /home/marconia/Universidad/Electronica Digital 3/ConDrivers/CMSISv2p00_LPC17xx/Debug/libCMSISv2p00_LPC17xx.a(lpc17xx_clkpwr.o)
 .debug_macro   0x00000000000035eb      0x2f1 /home/marconia/Universidad/Electronica Digital 3/ConDrivers/CMSISv2p00_LPC17xx/Debug/libCMSISv2p00_LPC17xx.a(lpc17xx_clkpwr.o)
 .debug_macro   0x00000000000038dc       0x9f /home/marconia/Universidad/Electronica Digital 3/ConDrivers/CMSISv2p00_LPC17xx/Debug/libCMSISv2p00_LPC17xx.a(lpc17xx_dac.o)
 .debug_macro   0x000000000000397b       0x3a /home/marconia/Universidad/Electronica Digital 3/ConDrivers/CMSISv2p00_LPC17xx/Debug/libCMSISv2p00_LPC17xx.a(lpc17xx_dac.o)
 .debug_macro   0x00000000000039b5       0x9f /home/marconia/Universidad/Electronica Digital 3/ConDrivers/CMSISv2p00_LPC17xx/Debug/libCMSISv2p00_LPC17xx.a(lpc17xx_gpdma.o)
 .debug_macro   0x0000000000003a54      0x2a8 /home/marconia/Universidad/Electronica Digital 3/ConDrivers/CMSISv2p00_LPC17xx/Debug/libCMSISv2p00_LPC17xx.a(lpc17xx_gpdma.o)
 .debug_macro   0x0000000000003cfc       0x96 /home/marconia/Universidad/Electronica Digital 3/ConDrivers/CMSISv2p00_LPC17xx/Debug/libCMSISv2p00_LPC17xx.a(lpc17xx_gpio.o)
 .debug_macro   0x0000000000003d92       0x5a /home/marconia/Universidad/Electronica Digital 3/ConDrivers/CMSISv2p00_LPC17xx/Debug/libCMSISv2p00_LPC17xx.a(lpc17xx_libcfg_default.o)
 .debug_macro   0x0000000000003dec       0x5d /home/marconia/Universidad/Electronica Digital 3/ConDrivers/CMSISv2p00_LPC17xx/Debug/libCMSISv2p00_LPC17xx.a(lpc17xx_libcfg_default.o)
 .debug_macro   0x0000000000003e49       0xd7 /home/marconia/Universidad/Electronica Digital 3/ConDrivers/CMSISv2p00_LPC17xx/Debug/libCMSISv2p00_LPC17xx.a(lpc17xx_libcfg_default.o)
 .debug_macro   0x0000000000003f20       0x8d /home/marconia/Universidad/Electronica Digital 3/ConDrivers/CMSISv2p00_LPC17xx/Debug/libCMSISv2p00_LPC17xx.a(lpc17xx_pinsel.o)
 .debug_macro   0x0000000000003fad      0x13f /home/marconia/Universidad/Electronica Digital 3/ConDrivers/CMSISv2p00_LPC17xx/Debug/libCMSISv2p00_LPC17xx.a(lpc17xx_pinsel.o)
 .debug_macro   0x00000000000040ec       0xa8 /home/marconia/Universidad/Electronica Digital 3/ConDrivers/CMSISv2p00_LPC17xx/Debug/libCMSISv2p00_LPC17xx.a(lpc17xx_timer.o)
 .debug_macro   0x0000000000004194       0xe4 /home/marconia/Universidad/Electronica Digital 3/ConDrivers/CMSISv2p00_LPC17xx/Debug/libCMSISv2p00_LPC17xx.a(lpc17xx_timer.o)

.debug_line     0x0000000000000000     0x3897
 .debug_line    0x0000000000000000      0x57d ./src/TPFinal.o
 .debug_line    0x000000000000057d      0x160 ./src/cr_startup_lpc175x_6x.o
 .debug_line    0x00000000000006dd       0xb5 ./src/crp.o
 .debug_line    0x0000000000000792      0x43c /home/marconia/Universidad/Electronica Digital 3/ConDrivers/CMSISv2p00_LPC17xx/Debug/libCMSISv2p00_LPC17xx.a(system_LPC17xx.o)
 .debug_line    0x0000000000000bce      0x6a1 /home/marconia/Universidad/Electronica Digital 3/ConDrivers/CMSISv2p00_LPC17xx/Debug/libCMSISv2p00_LPC17xx.a(lpc17xx_adc.o)
 .debug_line    0x000000000000126f      0x472 /home/marconia/Universidad/Electronica Digital 3/ConDrivers/CMSISv2p00_LPC17xx/Debug/libCMSISv2p00_LPC17xx.a(lpc17xx_clkpwr.o)
 .debug_line    0x00000000000016e1      0x40d /home/marconia/Universidad/Electronica Digital 3/ConDrivers/CMSISv2p00_LPC17xx/Debug/libCMSISv2p00_LPC17xx.a(lpc17xx_dac.o)
 .debug_line    0x0000000000001aee      0x63e /home/marconia/Universidad/Electronica Digital 3/ConDrivers/CMSISv2p00_LPC17xx/Debug/libCMSISv2p00_LPC17xx.a(lpc17xx_gpdma.o)
 .debug_line    0x000000000000212c      0x865 /home/marconia/Universidad/Electronica Digital 3/ConDrivers/CMSISv2p00_LPC17xx/Debug/libCMSISv2p00_LPC17xx.a(lpc17xx_gpio.o)
 .debug_line    0x0000000000002991      0x22c /home/marconia/Universidad/Electronica Digital 3/ConDrivers/CMSISv2p00_LPC17xx/Debug/libCMSISv2p00_LPC17xx.a(lpc17xx_libcfg_default.o)
 .debug_line    0x0000000000002bbd      0x388 /home/marconia/Universidad/Electronica Digital 3/ConDrivers/CMSISv2p00_LPC17xx/Debug/libCMSISv2p00_LPC17xx.a(lpc17xx_pinsel.o)
 .debug_line    0x0000000000002f45      0x952 /home/marconia/Universidad/Electronica Digital 3/ConDrivers/CMSISv2p00_LPC17xx/Debug/libCMSISv2p00_LPC17xx.a(lpc17xx_timer.o)

.debug_str      0x0000000000000000     0xe52e
 .debug_str     0x0000000000000000     0xbc35 ./src/TPFinal.o
                                       0xbcd3 (size before relaxing)
 .debug_str     0x000000000000bc35      0x1c2 ./src/cr_startup_lpc175x_6x.o
                                       0x2ec9 (size before relaxing)
 .debug_str     0x000000000000bdf7       0xe9 ./src/crp.o
                                       0x2dea (size before relaxing)
 .debug_str     0x000000000000bee0      0x433 /home/marconia/Universidad/Electronica Digital 3/ConDrivers/CMSISv2p00_LPC17xx/Debug/libCMSISv2p00_LPC17xx.a(system_LPC17xx.o)
                                       0x88bb (size before relaxing)
 .debug_str     0x000000000000c313     0x15b3 /home/marconia/Universidad/Electronica Digital 3/ConDrivers/CMSISv2p00_LPC17xx/Debug/libCMSISv2p00_LPC17xx.a(lpc17xx_adc.o)
                                       0xa4a2 (size before relaxing)
 .debug_str     0x000000000000d8c6      0x100 /home/marconia/Universidad/Electronica Digital 3/ConDrivers/CMSISv2p00_LPC17xx/Debug/libCMSISv2p00_LPC17xx.a(lpc17xx_clkpwr.o)
                                       0x9ab5 (size before relaxing)
 .debug_str     0x000000000000d9c6       0xba /home/marconia/Universidad/Electronica Digital 3/ConDrivers/CMSISv2p00_LPC17xx/Debug/libCMSISv2p00_LPC17xx.a(lpc17xx_dac.o)
                                       0x9c65 (size before relaxing)
 .debug_str     0x000000000000da80      0x3e7 /home/marconia/Universidad/Electronica Digital 3/ConDrivers/CMSISv2p00_LPC17xx/Debug/libCMSISv2p00_LPC17xx.a(lpc17xx_gpdma.o)
                                       0xb306 (size before relaxing)
 .debug_str     0x000000000000de67      0x301 /home/marconia/Universidad/Electronica Digital 3/ConDrivers/CMSISv2p00_LPC17xx/Debug/libCMSISv2p00_LPC17xx.a(lpc17xx_gpio.o)
                                       0x8e14 (size before relaxing)
 .debug_str     0x000000000000e168       0x2d /home/marconia/Universidad/Electronica Digital 3/ConDrivers/CMSISv2p00_LPC17xx/Debug/libCMSISv2p00_LPC17xx.a(lpc17xx_libcfg_default.o)
                                       0x46e2 (size before relaxing)
 .debug_str     0x000000000000e195      0x105 /home/marconia/Universidad/Electronica Digital 3/ConDrivers/CMSISv2p00_LPC17xx/Debug/libCMSISv2p00_LPC17xx.a(lpc17xx_pinsel.o)
                                       0x8d2d (size before relaxing)
 .debug_str     0x000000000000e29a      0x294 /home/marconia/Universidad/Electronica Digital 3/ConDrivers/CMSISv2p00_LPC17xx/Debug/libCMSISv2p00_LPC17xx.a(lpc17xx_timer.o)
                                       0xaada (size before relaxing)

.comment        0x0000000000000000       0x49
 .comment       0x0000000000000000       0x49 ./src/TPFinal.o
                                         0x4a (size before relaxing)
 .comment       0x0000000000000049       0x4a ./src/cr_startup_lpc175x_6x.o
 .comment       0x0000000000000049       0x4a ./src/crp.o
 .comment       0x0000000000000049       0x4a /home/marconia/Universidad/Electronica Digital 3/ConDrivers/CMSISv2p00_LPC17xx/Debug/libCMSISv2p00_LPC17xx.a(system_LPC17xx.o)
 .comment       0x0000000000000049       0x4a /home/marconia/Universidad/Electronica Digital 3/ConDrivers/CMSISv2p00_LPC17xx/Debug/libCMSISv2p00_LPC17xx.a(lpc17xx_adc.o)
 .comment       0x0000000000000049       0x4a /home/marconia/Universidad/Electronica Digital 3/ConDrivers/CMSISv2p00_LPC17xx/Debug/libCMSISv2p00_LPC17xx.a(lpc17xx_clkpwr.o)
 .comment       0x0000000000000049       0x4a /home/marconia/Universidad/Electronica Digital 3/ConDrivers/CMSISv2p00_LPC17xx/Debug/libCMSISv2p00_LPC17xx.a(lpc17xx_dac.o)
 .comment       0x0000000000000049       0x4a /home/marconia/Universidad/Electronica Digital 3/ConDrivers/CMSISv2p00_LPC17xx/Debug/libCMSISv2p00_LPC17xx.a(lpc17xx_gpdma.o)
 .comment       0x0000000000000049       0x4a /home/marconia/Universidad/Electronica Digital 3/ConDrivers/CMSISv2p00_LPC17xx/Debug/libCMSISv2p00_LPC17xx.a(lpc17xx_gpio.o)
 .comment       0x0000000000000049       0x4a /home/marconia/Universidad/Electronica Digital 3/ConDrivers/CMSISv2p00_LPC17xx/Debug/libCMSISv2p00_LPC17xx.a(lpc17xx_libcfg_default.o)
 .comment       0x0000000000000049       0x4a /home/marconia/Universidad/Electronica Digital 3/ConDrivers/CMSISv2p00_LPC17xx/Debug/libCMSISv2p00_LPC17xx.a(lpc17xx_pinsel.o)
 .comment       0x0000000000000049       0x4a /home/marconia/Universidad/Electronica Digital 3/ConDrivers/CMSISv2p00_LPC17xx/Debug/libCMSISv2p00_LPC17xx.a(lpc17xx_timer.o)
 .comment       0x0000000000000049       0x4a /usr/local/mcuxpressoide-11.6.0_8187/ide/plugins/com.nxp.mcuxpresso.tools.linux_11.6.0.202112161359/tools/bin/../lib/gcc/arm-none-eabi/10.3.1/../../../../arm-none-eabi/lib/thumb/v7-m/nofp/libcr_c.a(__weak__main.o)
 .comment       0x0000000000000049       0x4a /usr/local/mcuxpressoide-11.6.0_8187/ide/plugins/com.nxp.mcuxpresso.tools.linux_11.6.0.202112161359/tools/bin/../lib/gcc/arm-none-eabi/10.3.1/thumb/v7-m/nofp/libcr_eabihelpers.a(float.o)

.ARM.attributes
                0x0000000000000000       0x2b
 .ARM.attributes
                0x0000000000000000       0x2d ./src/TPFinal.o
 .ARM.attributes
                0x000000000000002d       0x2d ./src/cr_startup_lpc175x_6x.o
 .ARM.attributes
                0x000000000000005a       0x2d ./src/crp.o
 .ARM.attributes
                0x0000000000000087       0x2d /home/marconia/Universidad/Electronica Digital 3/ConDrivers/CMSISv2p00_LPC17xx/Debug/libCMSISv2p00_LPC17xx.a(system_LPC17xx.o)
 .ARM.attributes
                0x00000000000000b4       0x2d /home/marconia/Universidad/Electronica Digital 3/ConDrivers/CMSISv2p00_LPC17xx/Debug/libCMSISv2p00_LPC17xx.a(lpc17xx_adc.o)
 .ARM.attributes
                0x00000000000000e1       0x2d /home/marconia/Universidad/Electronica Digital 3/ConDrivers/CMSISv2p00_LPC17xx/Debug/libCMSISv2p00_LPC17xx.a(lpc17xx_clkpwr.o)
 .ARM.attributes
                0x000000000000010e       0x2d /home/marconia/Universidad/Electronica Digital 3/ConDrivers/CMSISv2p00_LPC17xx/Debug/libCMSISv2p00_LPC17xx.a(lpc17xx_dac.o)
 .ARM.attributes
                0x000000000000013b       0x2d /home/marconia/Universidad/Electronica Digital 3/ConDrivers/CMSISv2p00_LPC17xx/Debug/libCMSISv2p00_LPC17xx.a(lpc17xx_gpdma.o)
 .ARM.attributes
                0x0000000000000168       0x2d /home/marconia/Universidad/Electronica Digital 3/ConDrivers/CMSISv2p00_LPC17xx/Debug/libCMSISv2p00_LPC17xx.a(lpc17xx_gpio.o)
 .ARM.attributes
                0x0000000000000195       0x2d /home/marconia/Universidad/Electronica Digital 3/ConDrivers/CMSISv2p00_LPC17xx/Debug/libCMSISv2p00_LPC17xx.a(lpc17xx_libcfg_default.o)
 .ARM.attributes
                0x00000000000001c2       0x2d /home/marconia/Universidad/Electronica Digital 3/ConDrivers/CMSISv2p00_LPC17xx/Debug/libCMSISv2p00_LPC17xx.a(lpc17xx_pinsel.o)
 .ARM.attributes
                0x00000000000001ef       0x2d /home/marconia/Universidad/Electronica Digital 3/ConDrivers/CMSISv2p00_LPC17xx/Debug/libCMSISv2p00_LPC17xx.a(lpc17xx_timer.o)
 .ARM.attributes
                0x000000000000021c       0x2d /usr/local/mcuxpressoide-11.6.0_8187/ide/plugins/com.nxp.mcuxpresso.tools.linux_11.6.0.202112161359/tools/bin/../lib/gcc/arm-none-eabi/10.3.1/../../../../arm-none-eabi/lib/thumb/v7-m/nofp/libcr_c.a(__weak__main.o)
 .ARM.attributes
                0x0000000000000249       0x1b /usr/local/mcuxpressoide-11.6.0_8187/ide/plugins/com.nxp.mcuxpresso.tools.linux_11.6.0.202112161359/tools/bin/../lib/gcc/arm-none-eabi/10.3.1/thumb/v7-m/nofp/libcr_eabihelpers.a(division_64.o)
 .ARM.attributes
                0x0000000000000264       0x1b /usr/local/mcuxpressoide-11.6.0_8187/ide/plugins/com.nxp.mcuxpresso.tools.linux_11.6.0.202112161359/tools/bin/../lib/gcc/arm-none-eabi/10.3.1/thumb/v7-m/nofp/libcr_eabihelpers.a(division_idiv0.o)
 .ARM.attributes
                0x000000000000027f       0x2d /usr/local/mcuxpressoide-11.6.0_8187/ide/plugins/com.nxp.mcuxpresso.tools.linux_11.6.0.202112161359/tools/bin/../lib/gcc/arm-none-eabi/10.3.1/thumb/v7-m/nofp/libcr_eabihelpers.a(float.o)

.debug_frame    0x0000000000000000      0xa7c
 .debug_frame   0x0000000000000000      0x190 ./src/TPFinal.o
 .debug_frame   0x0000000000000190      0x170 ./src/cr_startup_lpc175x_6x.o
 .debug_frame   0x0000000000000300       0x3c /home/marconia/Universidad/Electronica Digital 3/ConDrivers/CMSISv2p00_LPC17xx/Debug/libCMSISv2p00_LPC17xx.a(system_LPC17xx.o)
 .debug_frame   0x000000000000033c      0x16c /home/marconia/Universidad/Electronica Digital 3/ConDrivers/CMSISv2p00_LPC17xx/Debug/libCMSISv2p00_LPC17xx.a(lpc17xx_adc.o)
 .debug_frame   0x00000000000004a8       0xa0 /home/marconia/Universidad/Electronica Digital 3/ConDrivers/CMSISv2p00_LPC17xx/Debug/libCMSISv2p00_LPC17xx.a(lpc17xx_clkpwr.o)
 .debug_frame   0x0000000000000548       0x98 /home/marconia/Universidad/Electronica Digital 3/ConDrivers/CMSISv2p00_LPC17xx/Debug/libCMSISv2p00_LPC17xx.a(lpc17xx_dac.o)
 .debug_frame   0x00000000000005e0       0x90 /home/marconia/Universidad/Electronica Digital 3/ConDrivers/CMSISv2p00_LPC17xx/Debug/libCMSISv2p00_LPC17xx.a(lpc17xx_gpdma.o)
 .debug_frame   0x0000000000000670      0x228 /home/marconia/Universidad/Electronica Digital 3/ConDrivers/CMSISv2p00_LPC17xx/Debug/libCMSISv2p00_LPC17xx.a(lpc17xx_gpio.o)
 .debug_frame   0x0000000000000898       0x20 /home/marconia/Universidad/Electronica Digital 3/ConDrivers/CMSISv2p00_LPC17xx/Debug/libCMSISv2p00_LPC17xx.a(lpc17xx_libcfg_default.o)
 .debug_frame   0x00000000000008b8       0x50 /home/marconia/Universidad/Electronica Digital 3/ConDrivers/CMSISv2p00_LPC17xx/Debug/libCMSISv2p00_LPC17xx.a(lpc17xx_pinsel.o)
 .debug_frame   0x0000000000000908      0x174 /home/marconia/Universidad/Electronica Digital 3/ConDrivers/CMSISv2p00_LPC17xx/Debug/libCMSISv2p00_LPC17xx.a(lpc17xx_timer.o)

.debug_loc      0x0000000000000000     0x1c87
 .debug_loc     0x0000000000000000      0x5a9 /home/marconia/Universidad/Electronica Digital 3/ConDrivers/CMSISv2p00_LPC17xx/Debug/libCMSISv2p00_LPC17xx.a(lpc17xx_adc.o)
 .debug_loc     0x00000000000005a9      0x1fa /home/marconia/Universidad/Electronica Digital 3/ConDrivers/CMSISv2p00_LPC17xx/Debug/libCMSISv2p00_LPC17xx.a(lpc17xx_clkpwr.o)
 .debug_loc     0x00000000000007a3      0x216 /home/marconia/Universidad/Electronica Digital 3/ConDrivers/CMSISv2p00_LPC17xx/Debug/libCMSISv2p00_LPC17xx.a(lpc17xx_dac.o)
 .debug_loc     0x00000000000009b9      0x1ab /home/marconia/Universidad/Electronica Digital 3/ConDrivers/CMSISv2p00_LPC17xx/Debug/libCMSISv2p00_LPC17xx.a(lpc17xx_gpdma.o)
 .debug_loc     0x0000000000000b64      0x88e /home/marconia/Universidad/Electronica Digital 3/ConDrivers/CMSISv2p00_LPC17xx/Debug/libCMSISv2p00_LPC17xx.a(lpc17xx_gpio.o)
 .debug_loc     0x00000000000013f2       0x2a /home/marconia/Universidad/Electronica Digital 3/ConDrivers/CMSISv2p00_LPC17xx/Debug/libCMSISv2p00_LPC17xx.a(lpc17xx_libcfg_default.o)
 .debug_loc     0x000000000000141c      0x1a1 /home/marconia/Universidad/Electronica Digital 3/ConDrivers/CMSISv2p00_LPC17xx/Debug/libCMSISv2p00_LPC17xx.a(lpc17xx_pinsel.o)
 .debug_loc     0x00000000000015bd      0x6ca /home/marconia/Universidad/Electronica Digital 3/ConDrivers/CMSISv2p00_LPC17xx/Debug/libCMSISv2p00_LPC17xx.a(lpc17xx_timer.o)

Cross Reference Table

Symbol                                            File
ADC_BurstCmd                                      /home/marconia/Universidad/Electronica Digital 3/ConDrivers/CMSISv2p00_LPC17xx/Debug/libCMSISv2p00_LPC17xx.a(lpc17xx_adc.o)
ADC_ChannelCmd                                    /home/marconia/Universidad/Electronica Digital 3/ConDrivers/CMSISv2p00_LPC17xx/Debug/libCMSISv2p00_LPC17xx.a(lpc17xx_adc.o)
                                                  ./src/TPFinal.o
ADC_ChannelGetData                                /home/marconia/Universidad/Electronica Digital 3/ConDrivers/CMSISv2p00_LPC17xx/Debug/libCMSISv2p00_LPC17xx.a(lpc17xx_adc.o)
                                                  ./src/TPFinal.o
ADC_ChannelGetStatus                              /home/marconia/Universidad/Electronica Digital 3/ConDrivers/CMSISv2p00_LPC17xx/Debug/libCMSISv2p00_LPC17xx.a(lpc17xx_adc.o)
ADC_DeInit                                        /home/marconia/Universidad/Electronica Digital 3/ConDrivers/CMSISv2p00_LPC17xx/Debug/libCMSISv2p00_LPC17xx.a(lpc17xx_adc.o)
ADC_EdgeStartConfig                               /home/marconia/Universidad/Electronica Digital 3/ConDrivers/CMSISv2p00_LPC17xx/Debug/libCMSISv2p00_LPC17xx.a(lpc17xx_adc.o)
ADC_GetData                                       /home/marconia/Universidad/Electronica Digital 3/ConDrivers/CMSISv2p00_LPC17xx/Debug/libCMSISv2p00_LPC17xx.a(lpc17xx_adc.o)
ADC_GlobalGetData                                 /home/marconia/Universidad/Electronica Digital 3/ConDrivers/CMSISv2p00_LPC17xx/Debug/libCMSISv2p00_LPC17xx.a(lpc17xx_adc.o)
ADC_GlobalGetStatus                               /home/marconia/Universidad/Electronica Digital 3/ConDrivers/CMSISv2p00_LPC17xx/Debug/libCMSISv2p00_LPC17xx.a(lpc17xx_adc.o)
ADC_IRQHandler                                    ./src/cr_startup_lpc175x_6x.o
ADC_Init                                          /home/marconia/Universidad/Electronica Digital 3/ConDrivers/CMSISv2p00_LPC17xx/Debug/libCMSISv2p00_LPC17xx.a(lpc17xx_adc.o)
                                                  ./src/TPFinal.o
ADC_IntConfig                                     /home/marconia/Universidad/Electronica Digital 3/ConDrivers/CMSISv2p00_LPC17xx/Debug/libCMSISv2p00_LPC17xx.a(lpc17xx_adc.o)
ADC_PowerdownCmd                                  /home/marconia/Universidad/Electronica Digital 3/ConDrivers/CMSISv2p00_LPC17xx/Debug/libCMSISv2p00_LPC17xx.a(lpc17xx_adc.o)
ADC_StartCmd                                      /home/marconia/Universidad/Electronica Digital 3/ConDrivers/CMSISv2p00_LPC17xx/Debug/libCMSISv2p00_LPC17xx.a(lpc17xx_adc.o)
                                                  ./src/TPFinal.o
BOD_IRQHandler                                    ./src/cr_startup_lpc175x_6x.o
BusFault_Handler                                  ./src/cr_startup_lpc175x_6x.o
CANActivity_IRQHandler                            ./src/cr_startup_lpc175x_6x.o
CAN_IRQHandler                                    ./src/cr_startup_lpc175x_6x.o
CLKPWR_ConfigPPWR                                 /home/marconia/Universidad/Electronica Digital 3/ConDrivers/CMSISv2p00_LPC17xx/Debug/libCMSISv2p00_LPC17xx.a(lpc17xx_clkpwr.o)
                                                  /home/marconia/Universidad/Electronica Digital 3/ConDrivers/CMSISv2p00_LPC17xx/Debug/libCMSISv2p00_LPC17xx.a(lpc17xx_timer.o)
                                                  /home/marconia/Universidad/Electronica Digital 3/ConDrivers/CMSISv2p00_LPC17xx/Debug/libCMSISv2p00_LPC17xx.a(lpc17xx_gpdma.o)
                                                  /home/marconia/Universidad/Electronica Digital 3/ConDrivers/CMSISv2p00_LPC17xx/Debug/libCMSISv2p00_LPC17xx.a(lpc17xx_adc.o)
CLKPWR_DeepPowerDown                              /home/marconia/Universidad/Electronica Digital 3/ConDrivers/CMSISv2p00_LPC17xx/Debug/libCMSISv2p00_LPC17xx.a(lpc17xx_clkpwr.o)
CLKPWR_DeepSleep                                  /home/marconia/Universidad/Electronica Digital 3/ConDrivers/CMSISv2p00_LPC17xx/Debug/libCMSISv2p00_LPC17xx.a(lpc17xx_clkpwr.o)
CLKPWR_GetPCLK                                    /home/marconia/Universidad/Electronica Digital 3/ConDrivers/CMSISv2p00_LPC17xx/Debug/libCMSISv2p00_LPC17xx.a(lpc17xx_clkpwr.o)
                                                  /home/marconia/Universidad/Electronica Digital 3/ConDrivers/CMSISv2p00_LPC17xx/Debug/libCMSISv2p00_LPC17xx.a(lpc17xx_timer.o)
                                                  /home/marconia/Universidad/Electronica Digital 3/ConDrivers/CMSISv2p00_LPC17xx/Debug/libCMSISv2p00_LPC17xx.a(lpc17xx_adc.o)
CLKPWR_GetPCLKSEL                                 /home/marconia/Universidad/Electronica Digital 3/ConDrivers/CMSISv2p00_LPC17xx/Debug/libCMSISv2p00_LPC17xx.a(lpc17xx_clkpwr.o)
CLKPWR_PowerDown                                  /home/marconia/Universidad/Electronica Digital 3/ConDrivers/CMSISv2p00_LPC17xx/Debug/libCMSISv2p00_LPC17xx.a(lpc17xx_clkpwr.o)
CLKPWR_SetPCLKDiv                                 /home/marconia/Universidad/Electronica Digital 3/ConDrivers/CMSISv2p00_LPC17xx/Debug/libCMSISv2p00_LPC17xx.a(lpc17xx_clkpwr.o)
                                                  /home/marconia/Universidad/Electronica Digital 3/ConDrivers/CMSISv2p00_LPC17xx/Debug/libCMSISv2p00_LPC17xx.a(lpc17xx_timer.o)
CLKPWR_Sleep                                      /home/marconia/Universidad/Electronica Digital 3/ConDrivers/CMSISv2p00_LPC17xx/Debug/libCMSISv2p00_LPC17xx.a(lpc17xx_clkpwr.o)
CRP_WORD                                          ./src/crp.o
DAC_ConfigDAConverterControl                      /home/marconia/Universidad/Electronica Digital 3/ConDrivers/CMSISv2p00_LPC17xx/Debug/libCMSISv2p00_LPC17xx.a(lpc17xx_dac.o)
                                                  ./src/TPFinal.o
DAC_Init                                          /home/marconia/Universidad/Electronica Digital 3/ConDrivers/CMSISv2p00_LPC17xx/Debug/libCMSISv2p00_LPC17xx.a(lpc17xx_dac.o)
                                                  ./src/TPFinal.o
DAC_SetBias                                       /home/marconia/Universidad/Electronica Digital 3/ConDrivers/CMSISv2p00_LPC17xx/Debug/libCMSISv2p00_LPC17xx.a(lpc17xx_dac.o)
DAC_SetDMATimeOut                                 /home/marconia/Universidad/Electronica Digital 3/ConDrivers/CMSISv2p00_LPC17xx/Debug/libCMSISv2p00_LPC17xx.a(lpc17xx_dac.o)
                                                  ./src/TPFinal.o
DAC_UpdateValue                                   /home/marconia/Universidad/Electronica Digital 3/ConDrivers/CMSISv2p00_LPC17xx/Debug/libCMSISv2p00_LPC17xx.a(lpc17xx_dac.o)
DMA_IRQHandler                                    ./src/cr_startup_lpc175x_6x.o
DebugMon_Handler                                  ./src/cr_startup_lpc175x_6x.o
EINT0_IRQHandler                                  ./src/cr_startup_lpc175x_6x.o
EINT1_IRQHandler                                  ./src/cr_startup_lpc175x_6x.o
EINT2_IRQHandler                                  ./src/cr_startup_lpc175x_6x.o
EINT3_IRQHandler                                  ./src/cr_startup_lpc175x_6x.o
ENET_IRQHandler                                   ./src/cr_startup_lpc175x_6x.o
FIO_ByteClearValue                                /home/marconia/Universidad/Electronica Digital 3/ConDrivers/CMSISv2p00_LPC17xx/Debug/libCMSISv2p00_LPC17xx.a(lpc17xx_gpio.o)
FIO_ByteReadValue                                 /home/marconia/Universidad/Electronica Digital 3/ConDrivers/CMSISv2p00_LPC17xx/Debug/libCMSISv2p00_LPC17xx.a(lpc17xx_gpio.o)
FIO_ByteSetDir                                    /home/marconia/Universidad/Electronica Digital 3/ConDrivers/CMSISv2p00_LPC17xx/Debug/libCMSISv2p00_LPC17xx.a(lpc17xx_gpio.o)
FIO_ByteSetMask                                   /home/marconia/Universidad/Electronica Digital 3/ConDrivers/CMSISv2p00_LPC17xx/Debug/libCMSISv2p00_LPC17xx.a(lpc17xx_gpio.o)
FIO_ByteSetValue                                  /home/marconia/Universidad/Electronica Digital 3/ConDrivers/CMSISv2p00_LPC17xx/Debug/libCMSISv2p00_LPC17xx.a(lpc17xx_gpio.o)
FIO_ClearInt                                      /home/marconia/Universidad/Electronica Digital 3/ConDrivers/CMSISv2p00_LPC17xx/Debug/libCMSISv2p00_LPC17xx.a(lpc17xx_gpio.o)
FIO_ClearValue                                    /home/marconia/Universidad/Electronica Digital 3/ConDrivers/CMSISv2p00_LPC17xx/Debug/libCMSISv2p00_LPC17xx.a(lpc17xx_gpio.o)
FIO_GetIntStatus                                  /home/marconia/Universidad/Electronica Digital 3/ConDrivers/CMSISv2p00_LPC17xx/Debug/libCMSISv2p00_LPC17xx.a(lpc17xx_gpio.o)
FIO_HalfWordClearValue                            /home/marconia/Universidad/Electronica Digital 3/ConDrivers/CMSISv2p00_LPC17xx/Debug/libCMSISv2p00_LPC17xx.a(lpc17xx_gpio.o)
FIO_HalfWordReadValue                             /home/marconia/Universidad/Electronica Digital 3/ConDrivers/CMSISv2p00_LPC17xx/Debug/libCMSISv2p00_LPC17xx.a(lpc17xx_gpio.o)
FIO_HalfWordSetDir                                /home/marconia/Universidad/Electronica Digital 3/ConDrivers/CMSISv2p00_LPC17xx/Debug/libCMSISv2p00_LPC17xx.a(lpc17xx_gpio.o)
FIO_HalfWordSetMask                               /home/marconia/Universidad/Electronica Digital 3/ConDrivers/CMSISv2p00_LPC17xx/Debug/libCMSISv2p00_LPC17xx.a(lpc17xx_gpio.o)
FIO_HalfWordSetValue                              /home/marconia/Universidad/Electronica Digital 3/ConDrivers/CMSISv2p00_LPC17xx/Debug/libCMSISv2p00_LPC17xx.a(lpc17xx_gpio.o)
FIO_IntCmd                                        /home/marconia/Universidad/Electronica Digital 3/ConDrivers/CMSISv2p00_LPC17xx/Debug/libCMSISv2p00_LPC17xx.a(lpc17xx_gpio.o)
FIO_ReadValue                                     /home/marconia/Universidad/Electronica Digital 3/ConDrivers/CMSISv2p00_LPC17xx/Debug/libCMSISv2p00_LPC17xx.a(lpc17xx_gpio.o)
FIO_SetDir                                        /home/marconia/Universidad/Electronica Digital 3/ConDrivers/CMSISv2p00_LPC17xx/Debug/libCMSISv2p00_LPC17xx.a(lpc17xx_gpio.o)
FIO_SetMask                                       /home/marconia/Universidad/Electronica Digital 3/ConDrivers/CMSISv2p00_LPC17xx/Debug/libCMSISv2p00_LPC17xx.a(lpc17xx_gpio.o)
FIO_SetValue                                      /home/marconia/Universidad/Electronica Digital 3/ConDrivers/CMSISv2p00_LPC17xx/Debug/libCMSISv2p00_LPC17xx.a(lpc17xx_gpio.o)
GPDMA_ChannelCmd                                  /home/marconia/Universidad/Electronica Digital 3/ConDrivers/CMSISv2p00_LPC17xx/Debug/libCMSISv2p00_LPC17xx.a(lpc17xx_gpdma.o)
                                                  ./src/TPFinal.o
GPDMA_ClearIntPending                             /home/marconia/Universidad/Electronica Digital 3/ConDrivers/CMSISv2p00_LPC17xx/Debug/libCMSISv2p00_LPC17xx.a(lpc17xx_gpdma.o)
GPDMA_Init                                        /home/marconia/Universidad/Electronica Digital 3/ConDrivers/CMSISv2p00_LPC17xx/Debug/libCMSISv2p00_LPC17xx.a(lpc17xx_gpdma.o)
                                                  ./src/TPFinal.o
GPDMA_IntGetStatus                                /home/marconia/Universidad/Electronica Digital 3/ConDrivers/CMSISv2p00_LPC17xx/Debug/libCMSISv2p00_LPC17xx.a(lpc17xx_gpdma.o)
GPDMA_LUTPerAddr                                  /home/marconia/Universidad/Electronica Digital 3/ConDrivers/CMSISv2p00_LPC17xx/Debug/libCMSISv2p00_LPC17xx.a(lpc17xx_gpdma.o)
GPDMA_LUTPerBurst                                 /home/marconia/Universidad/Electronica Digital 3/ConDrivers/CMSISv2p00_LPC17xx/Debug/libCMSISv2p00_LPC17xx.a(lpc17xx_gpdma.o)
GPDMA_LUTPerWid                                   /home/marconia/Universidad/Electronica Digital 3/ConDrivers/CMSISv2p00_LPC17xx/Debug/libCMSISv2p00_LPC17xx.a(lpc17xx_gpdma.o)
GPDMA_Setup                                       /home/marconia/Universidad/Electronica Digital 3/ConDrivers/CMSISv2p00_LPC17xx/Debug/libCMSISv2p00_LPC17xx.a(lpc17xx_gpdma.o)
                                                  ./src/TPFinal.o
GPIO_ClearInt                                     /home/marconia/Universidad/Electronica Digital 3/ConDrivers/CMSISv2p00_LPC17xx/Debug/libCMSISv2p00_LPC17xx.a(lpc17xx_gpio.o)
GPIO_ClearValue                                   /home/marconia/Universidad/Electronica Digital 3/ConDrivers/CMSISv2p00_LPC17xx/Debug/libCMSISv2p00_LPC17xx.a(lpc17xx_gpio.o)
                                                  ./src/TPFinal.o
GPIO_GetIntStatus                                 /home/marconia/Universidad/Electronica Digital 3/ConDrivers/CMSISv2p00_LPC17xx/Debug/libCMSISv2p00_LPC17xx.a(lpc17xx_gpio.o)
GPIO_IntCmd                                       /home/marconia/Universidad/Electronica Digital 3/ConDrivers/CMSISv2p00_LPC17xx/Debug/libCMSISv2p00_LPC17xx.a(lpc17xx_gpio.o)
GPIO_ReadValue                                    /home/marconia/Universidad/Electronica Digital 3/ConDrivers/CMSISv2p00_LPC17xx/Debug/libCMSISv2p00_LPC17xx.a(lpc17xx_gpio.o)
GPIO_SetDir                                       /home/marconia/Universidad/Electronica Digital 3/ConDrivers/CMSISv2p00_LPC17xx/Debug/libCMSISv2p00_LPC17xx.a(lpc17xx_gpio.o)
GPIO_SetValue                                     /home/marconia/Universidad/Electronica Digital 3/ConDrivers/CMSISv2p00_LPC17xx/Debug/libCMSISv2p00_LPC17xx.a(lpc17xx_gpio.o)
                                                  ./src/TPFinal.o
HardFault_Handler                                 ./src/cr_startup_lpc175x_6x.o
I2C0_IRQHandler                                   ./src/cr_startup_lpc175x_6x.o
I2C1_IRQHandler                                   ./src/cr_startup_lpc175x_6x.o
I2C2_IRQHandler                                   ./src/cr_startup_lpc175x_6x.o
I2S_IRQHandler                                    ./src/cr_startup_lpc175x_6x.o
IntDefaultHandler                                 ./src/cr_startup_lpc175x_6x.o
MCPWM_IRQHandler                                  ./src/cr_startup_lpc175x_6x.o
MemManage_Handler                                 ./src/cr_startup_lpc175x_6x.o
NMI_Handler                                       ./src/cr_startup_lpc175x_6x.o
PINSEL_ConfigPin                                  /home/marconia/Universidad/Electronica Digital 3/ConDrivers/CMSISv2p00_LPC17xx/Debug/libCMSISv2p00_LPC17xx.a(lpc17xx_pinsel.o)
                                                  ./src/TPFinal.o
PINSEL_ConfigTraceFunc                            /home/marconia/Universidad/Electronica Digital 3/ConDrivers/CMSISv2p00_LPC17xx/Debug/libCMSISv2p00_LPC17xx.a(lpc17xx_pinsel.o)
PINSEL_SetI2C0Pins                                /home/marconia/Universidad/Electronica Digital 3/ConDrivers/CMSISv2p00_LPC17xx/Debug/libCMSISv2p00_LPC17xx.a(lpc17xx_pinsel.o)
PLL0_IRQHandler                                   ./src/cr_startup_lpc175x_6x.o
PLL1_IRQHandler                                   ./src/cr_startup_lpc175x_6x.o
PWM1_IRQHandler                                   ./src/cr_startup_lpc175x_6x.o
PendSV_Handler                                    ./src/cr_startup_lpc175x_6x.o
QEI_IRQHandler                                    ./src/cr_startup_lpc175x_6x.o
RIT_IRQHandler                                    ./src/cr_startup_lpc175x_6x.o
RTC_IRQHandler                                    ./src/cr_startup_lpc175x_6x.o
ResetISR                                          ./src/cr_startup_lpc175x_6x.o
SPI_IRQHandler                                    ./src/cr_startup_lpc175x_6x.o
SSP0_IRQHandler                                   ./src/cr_startup_lpc175x_6x.o
SSP1_IRQHandler                                   ./src/cr_startup_lpc175x_6x.o
SVC_Handler                                       ./src/cr_startup_lpc175x_6x.o
SysTick_Handler                                   ./src/cr_startup_lpc175x_6x.o
SystemCoreClock                                   /home/marconia/Universidad/Electronica Digital 3/ConDrivers/CMSISv2p00_LPC17xx/Debug/libCMSISv2p00_LPC17xx.a(system_LPC17xx.o)
                                                  /home/marconia/Universidad/Electronica Digital 3/ConDrivers/CMSISv2p00_LPC17xx/Debug/libCMSISv2p00_LPC17xx.a(lpc17xx_clkpwr.o)
                                                  ./src/TPFinal.o
SystemCoreClockUpdate                             /home/marconia/Universidad/Electronica Digital 3/ConDrivers/CMSISv2p00_LPC17xx/Debug/libCMSISv2p00_LPC17xx.a(system_LPC17xx.o)
SystemInit                                        /home/marconia/Universidad/Electronica Digital 3/ConDrivers/CMSISv2p00_LPC17xx/Debug/libCMSISv2p00_LPC17xx.a(system_LPC17xx.o)
                                                  ./src/cr_startup_lpc175x_6x.o
                                                  ./src/TPFinal.o
TIMER0_IRQHandler                                 ./src/TPFinal.o
TIMER1_IRQHandler                                 ./src/cr_startup_lpc175x_6x.o
TIMER2_IRQHandler                                 ./src/cr_startup_lpc175x_6x.o
TIMER3_IRQHandler                                 ./src/cr_startup_lpc175x_6x.o
TIM_ClearIntCapturePending                        /home/marconia/Universidad/Electronica Digital 3/ConDrivers/CMSISv2p00_LPC17xx/Debug/libCMSISv2p00_LPC17xx.a(lpc17xx_timer.o)
TIM_ClearIntPending                               /home/marconia/Universidad/Electronica Digital 3/ConDrivers/CMSISv2p00_LPC17xx/Debug/libCMSISv2p00_LPC17xx.a(lpc17xx_timer.o)
                                                  ./src/TPFinal.o
TIM_Cmd                                           /home/marconia/Universidad/Electronica Digital 3/ConDrivers/CMSISv2p00_LPC17xx/Debug/libCMSISv2p00_LPC17xx.a(lpc17xx_timer.o)
                                                  ./src/TPFinal.o
TIM_ConfigCapture                                 /home/marconia/Universidad/Electronica Digital 3/ConDrivers/CMSISv2p00_LPC17xx/Debug/libCMSISv2p00_LPC17xx.a(lpc17xx_timer.o)
TIM_ConfigMatch                                   /home/marconia/Universidad/Electronica Digital 3/ConDrivers/CMSISv2p00_LPC17xx/Debug/libCMSISv2p00_LPC17xx.a(lpc17xx_timer.o)
                                                  ./src/TPFinal.o
TIM_ConfigStructInit                              /home/marconia/Universidad/Electronica Digital 3/ConDrivers/CMSISv2p00_LPC17xx/Debug/libCMSISv2p00_LPC17xx.a(lpc17xx_timer.o)
TIM_DeInit                                        /home/marconia/Universidad/Electronica Digital 3/ConDrivers/CMSISv2p00_LPC17xx/Debug/libCMSISv2p00_LPC17xx.a(lpc17xx_timer.o)
TIM_GetCaptureValue                               /home/marconia/Universidad/Electronica Digital 3/ConDrivers/CMSISv2p00_LPC17xx/Debug/libCMSISv2p00_LPC17xx.a(lpc17xx_timer.o)
TIM_GetIntCaptureStatus                           /home/marconia/Universidad/Electronica Digital 3/ConDrivers/CMSISv2p00_LPC17xx/Debug/libCMSISv2p00_LPC17xx.a(lpc17xx_timer.o)
TIM_GetIntStatus                                  /home/marconia/Universidad/Electronica Digital 3/ConDrivers/CMSISv2p00_LPC17xx/Debug/libCMSISv2p00_LPC17xx.a(lpc17xx_timer.o)
TIM_Init                                          /home/marconia/Universidad/Electronica Digital 3/ConDrivers/CMSISv2p00_LPC17xx/Debug/libCMSISv2p00_LPC17xx.a(lpc17xx_timer.o)
                                                  ./src/TPFinal.o
TIM_ResetCounter                                  /home/marconia/Universidad/Electronica Digital 3/ConDrivers/CMSISv2p00_LPC17xx/Debug/libCMSISv2p00_LPC17xx.a(lpc17xx_timer.o)
TIM_UpdateMatchValue                              /home/marconia/Universidad/Electronica Digital 3/ConDrivers/CMSISv2p00_LPC17xx/Debug/libCMSISv2p00_LPC17xx.a(lpc17xx_timer.o)
UART0_IRQHandler                                  ./src/cr_startup_lpc175x_6x.o
UART1_IRQHandler                                  ./src/cr_startup_lpc175x_6x.o
UART2_IRQHandler                                  ./src/cr_startup_lpc175x_6x.o
UART3_IRQHandler                                  ./src/cr_startup_lpc175x_6x.o
USBActivity_IRQHandler                            ./src/cr_startup_lpc175x_6x.o
USB_IRQHandler                                    ./src/cr_startup_lpc175x_6x.o
UsageFault_Handler                                ./src/cr_startup_lpc175x_6x.o
WDT_IRQHandler                                    ./src/cr_startup_lpc175x_6x.o
__aeabi_cfcmpeq                                   /usr/local/mcuxpressoide-11.6.0_8187/ide/plugins/com.nxp.mcuxpresso.tools.linux_11.6.0.202112161359/tools/bin/../lib/gcc/arm-none-eabi/10.3.1/thumb/v7-m/nofp/libcr_eabihelpers.a(float.o)
__aeabi_cfcmple                                   /usr/local/mcuxpressoide-11.6.0_8187/ide/plugins/com.nxp.mcuxpresso.tools.linux_11.6.0.202112161359/tools/bin/../lib/gcc/arm-none-eabi/10.3.1/thumb/v7-m/nofp/libcr_eabihelpers.a(float.o)
__aeabi_cfrcmple                                  /usr/local/mcuxpressoide-11.6.0_8187/ide/plugins/com.nxp.mcuxpresso.tools.linux_11.6.0.202112161359/tools/bin/../lib/gcc/arm-none-eabi/10.3.1/thumb/v7-m/nofp/libcr_eabihelpers.a(float.o)
__aeabi_f2d                                       /usr/local/mcuxpressoide-11.6.0_8187/ide/plugins/com.nxp.mcuxpresso.tools.linux_11.6.0.202112161359/tools/bin/../lib/gcc/arm-none-eabi/10.3.1/thumb/v7-m/nofp/libcr_eabihelpers.a(float.o)
__aeabi_f2iz                                      /usr/local/mcuxpressoide-11.6.0_8187/ide/plugins/com.nxp.mcuxpresso.tools.linux_11.6.0.202112161359/tools/bin/../lib/gcc/arm-none-eabi/10.3.1/thumb/v7-m/nofp/libcr_eabihelpers.a(float.o)
__aeabi_f2lz                                      /usr/local/mcuxpressoide-11.6.0_8187/ide/plugins/com.nxp.mcuxpresso.tools.linux_11.6.0.202112161359/tools/bin/../lib/gcc/arm-none-eabi/10.3.1/thumb/v7-m/nofp/libcr_eabihelpers.a(float.o)
__aeabi_f2uiz                                     /usr/local/mcuxpressoide-11.6.0_8187/ide/plugins/com.nxp.mcuxpresso.tools.linux_11.6.0.202112161359/tools/bin/../lib/gcc/arm-none-eabi/10.3.1/thumb/v7-m/nofp/libcr_eabihelpers.a(float.o)
                                                  ./src/TPFinal.o
__aeabi_f2ulz                                     /usr/local/mcuxpressoide-11.6.0_8187/ide/plugins/com.nxp.mcuxpresso.tools.linux_11.6.0.202112161359/tools/bin/../lib/gcc/arm-none-eabi/10.3.1/thumb/v7-m/nofp/libcr_eabihelpers.a(float.o)
__aeabi_fadd                                      /usr/local/mcuxpressoide-11.6.0_8187/ide/plugins/com.nxp.mcuxpresso.tools.linux_11.6.0.202112161359/tools/bin/../lib/gcc/arm-none-eabi/10.3.1/thumb/v7-m/nofp/libcr_eabihelpers.a(float.o)
                                                  ./src/TPFinal.o
__aeabi_fcmpeq                                    /usr/local/mcuxpressoide-11.6.0_8187/ide/plugins/com.nxp.mcuxpresso.tools.linux_11.6.0.202112161359/tools/bin/../lib/gcc/arm-none-eabi/10.3.1/thumb/v7-m/nofp/libcr_eabihelpers.a(float.o)
__aeabi_fcmpge                                    /usr/local/mcuxpressoide-11.6.0_8187/ide/plugins/com.nxp.mcuxpresso.tools.linux_11.6.0.202112161359/tools/bin/../lib/gcc/arm-none-eabi/10.3.1/thumb/v7-m/nofp/libcr_eabihelpers.a(float.o)
__aeabi_fcmpgt                                    /usr/local/mcuxpressoide-11.6.0_8187/ide/plugins/com.nxp.mcuxpresso.tools.linux_11.6.0.202112161359/tools/bin/../lib/gcc/arm-none-eabi/10.3.1/thumb/v7-m/nofp/libcr_eabihelpers.a(float.o)
__aeabi_fcmple                                    /usr/local/mcuxpressoide-11.6.0_8187/ide/plugins/com.nxp.mcuxpresso.tools.linux_11.6.0.202112161359/tools/bin/../lib/gcc/arm-none-eabi/10.3.1/thumb/v7-m/nofp/libcr_eabihelpers.a(float.o)
__aeabi_fcmplt                                    /usr/local/mcuxpressoide-11.6.0_8187/ide/plugins/com.nxp.mcuxpresso.tools.linux_11.6.0.202112161359/tools/bin/../lib/gcc/arm-none-eabi/10.3.1/thumb/v7-m/nofp/libcr_eabihelpers.a(float.o)
__aeabi_fcmpun                                    /usr/local/mcuxpressoide-11.6.0_8187/ide/plugins/com.nxp.mcuxpresso.tools.linux_11.6.0.202112161359/tools/bin/../lib/gcc/arm-none-eabi/10.3.1/thumb/v7-m/nofp/libcr_eabihelpers.a(float.o)
__aeabi_fdiv                                      /usr/local/mcuxpressoide-11.6.0_8187/ide/plugins/com.nxp.mcuxpresso.tools.linux_11.6.0.202112161359/tools/bin/../lib/gcc/arm-none-eabi/10.3.1/thumb/v7-m/nofp/libcr_eabihelpers.a(float.o)
__aeabi_fmul                                      /usr/local/mcuxpressoide-11.6.0_8187/ide/plugins/com.nxp.mcuxpresso.tools.linux_11.6.0.202112161359/tools/bin/../lib/gcc/arm-none-eabi/10.3.1/thumb/v7-m/nofp/libcr_eabihelpers.a(float.o)
                                                  ./src/TPFinal.o
__aeabi_fneg                                      /usr/local/mcuxpressoide-11.6.0_8187/ide/plugins/com.nxp.mcuxpresso.tools.linux_11.6.0.202112161359/tools/bin/../lib/gcc/arm-none-eabi/10.3.1/thumb/v7-m/nofp/libcr_eabihelpers.a(float.o)
__aeabi_frsub                                     /usr/local/mcuxpressoide-11.6.0_8187/ide/plugins/com.nxp.mcuxpresso.tools.linux_11.6.0.202112161359/tools/bin/../lib/gcc/arm-none-eabi/10.3.1/thumb/v7-m/nofp/libcr_eabihelpers.a(float.o)
__aeabi_fsub                                      /usr/local/mcuxpressoide-11.6.0_8187/ide/plugins/com.nxp.mcuxpresso.tools.linux_11.6.0.202112161359/tools/bin/../lib/gcc/arm-none-eabi/10.3.1/thumb/v7-m/nofp/libcr_eabihelpers.a(float.o)
__aeabi_i2f                                       /usr/local/mcuxpressoide-11.6.0_8187/ide/plugins/com.nxp.mcuxpresso.tools.linux_11.6.0.202112161359/tools/bin/../lib/gcc/arm-none-eabi/10.3.1/thumb/v7-m/nofp/libcr_eabihelpers.a(float.o)
__aeabi_idiv0                                     /usr/local/mcuxpressoide-11.6.0_8187/ide/plugins/com.nxp.mcuxpresso.tools.linux_11.6.0.202112161359/tools/bin/../lib/gcc/arm-none-eabi/10.3.1/thumb/v7-m/nofp/libcr_eabihelpers.a(division_idiv0.o)
                                                  /usr/local/mcuxpressoide-11.6.0_8187/ide/plugins/com.nxp.mcuxpresso.tools.linux_11.6.0.202112161359/tools/bin/../lib/gcc/arm-none-eabi/10.3.1/thumb/v7-m/nofp/libcr_eabihelpers.a(division_64.o)
__aeabi_l2f                                       /usr/local/mcuxpressoide-11.6.0_8187/ide/plugins/com.nxp.mcuxpresso.tools.linux_11.6.0.202112161359/tools/bin/../lib/gcc/arm-none-eabi/10.3.1/thumb/v7-m/nofp/libcr_eabihelpers.a(float.o)
__aeabi_ldivmod                                   /usr/local/mcuxpressoide-11.6.0_8187/ide/plugins/com.nxp.mcuxpresso.tools.linux_11.6.0.202112161359/tools/bin/../lib/gcc/arm-none-eabi/10.3.1/thumb/v7-m/nofp/libcr_eabihelpers.a(division_64.o)
                                                  /home/marconia/Universidad/Electronica Digital 3/ConDrivers/CMSISv2p00_LPC17xx/Debug/libCMSISv2p00_LPC17xx.a(system_LPC17xx.o)
__aeabi_ui2f                                      /usr/local/mcuxpressoide-11.6.0_8187/ide/plugins/com.nxp.mcuxpresso.tools.linux_11.6.0.202112161359/tools/bin/../lib/gcc/arm-none-eabi/10.3.1/thumb/v7-m/nofp/libcr_eabihelpers.a(float.o)
__aeabi_ul2f                                      /usr/local/mcuxpressoide-11.6.0_8187/ide/plugins/com.nxp.mcuxpresso.tools.linux_11.6.0.202112161359/tools/bin/../lib/gcc/arm-none-eabi/10.3.1/thumb/v7-m/nofp/libcr_eabihelpers.a(float.o)
__aeabi_uldivmod                                  /usr/local/mcuxpressoide-11.6.0_8187/ide/plugins/com.nxp.mcuxpresso.tools.linux_11.6.0.202112161359/tools/bin/../lib/gcc/arm-none-eabi/10.3.1/thumb/v7-m/nofp/libcr_eabihelpers.a(division_64.o)
                                                  /home/marconia/Universidad/Electronica Digital 3/ConDrivers/CMSISv2p00_LPC17xx/Debug/libCMSISv2p00_LPC17xx.a(lpc17xx_timer.o)
                                                  /home/marconia/Universidad/Electronica Digital 3/ConDrivers/CMSISv2p00_LPC17xx/Debug/libCMSISv2p00_LPC17xx.a(system_LPC17xx.o)
__bhs_ldivmod1                                    /usr/local/mcuxpressoide-11.6.0_8187/ide/plugins/com.nxp.mcuxpresso.tools.linux_11.6.0.202112161359/tools/bin/../lib/gcc/arm-none-eabi/10.3.1/thumb/v7-m/nofp/libcr_eabihelpers.a(division_64.o)
__bhs_ui2f                                        /usr/local/mcuxpressoide-11.6.0_8187/ide/plugins/com.nxp.mcuxpresso.tools.linux_11.6.0.202112161359/tools/bin/../lib/gcc/arm-none-eabi/10.3.1/thumb/v7-m/nofp/libcr_eabihelpers.a(float.o)
__bhs_ul2f                                        /usr/local/mcuxpressoide-11.6.0_8187/ide/plugins/com.nxp.mcuxpresso.tools.linux_11.6.0.202112161359/tools/bin/../lib/gcc/arm-none-eabi/10.3.1/thumb/v7-m/nofp/libcr_eabihelpers.a(float.o)
__bss_section_table_end                           ./src/cr_startup_lpc175x_6x.o
__data_section_table                              ./src/cr_startup_lpc175x_6x.o
__data_section_table_end                          ./src/cr_startup_lpc175x_6x.o
__main                                            /usr/local/mcuxpressoide-11.6.0_8187/ide/plugins/com.nxp.mcuxpresso.tools.linux_11.6.0.202112161359/tools/bin/../lib/gcc/arm-none-eabi/10.3.1/../../../../arm-none-eabi/lib/thumb/v7-m/nofp/libcr_c.a(__weak__main.o)
                                                  ./src/cr_startup_lpc175x_6x.o
__valid_user_code_checksum                        ./src/cr_startup_lpc175x_6x.o
__weak_main                                       /usr/local/mcuxpressoide-11.6.0_8187/ide/plugins/com.nxp.mcuxpresso.tools.linux_11.6.0.202112161359/tools/bin/../lib/gcc/arm-none-eabi/10.3.1/../../../../arm-none-eabi/lib/thumb/v7-m/nofp/libcr_c.a(__weak__main.o)
_vStackTop                                        ./src/cr_startup_lpc175x_6x.o
bss_init                                          ./src/cr_startup_lpc175x_6x.o
check_failed                                      /home/marconia/Universidad/Electronica Digital 3/ConDrivers/CMSISv2p00_LPC17xx/Debug/libCMSISv2p00_LPC17xx.a(lpc17xx_libcfg_default.o)
                                                  /home/marconia/Universidad/Electronica Digital 3/ConDrivers/CMSISv2p00_LPC17xx/Debug/libCMSISv2p00_LPC17xx.a(lpc17xx_timer.o)
                                                  /home/marconia/Universidad/Electronica Digital 3/ConDrivers/CMSISv2p00_LPC17xx/Debug/libCMSISv2p00_LPC17xx.a(lpc17xx_gpdma.o)
                                                  /home/marconia/Universidad/Electronica Digital 3/ConDrivers/CMSISv2p00_LPC17xx/Debug/libCMSISv2p00_LPC17xx.a(lpc17xx_dac.o)
                                                  /home/marconia/Universidad/Electronica Digital 3/ConDrivers/CMSISv2p00_LPC17xx/Debug/libCMSISv2p00_LPC17xx.a(lpc17xx_adc.o)
confADC                                           ./src/TPFinal.o
confDAC                                           ./src/TPFinal.o
confDMA                                           ./src/TPFinal.o
confGPIO                                          ./src/TPFinal.o
confPIN                                           ./src/TPFinal.o
confTIMER                                         ./src/TPFinal.o
data_init                                         ./src/cr_startup_lpc175x_6x.o
g_pfnVectors                                      ./src/cr_startup_lpc175x_6x.o
main                                              ./src/TPFinal.o
                                                  /usr/local/mcuxpressoide-11.6.0_8187/ide/plugins/com.nxp.mcuxpresso.tools.linux_11.6.0.202112161359/tools/bin/../lib/gcc/arm-none-eabi/10.3.1/../../../../arm-none-eabi/lib/thumb/v7-m/nofp/libcr_c.a(__weak__main.o)
muestras                                          ./src/TPFinal.o
pGPDMACh                                          /home/marconia/Universidad/Electronica Digital 3/ConDrivers/CMSISv2p00_LPC17xx/Debug/libCMSISv2p00_LPC17xx.a(lpc17xx_gpdma.o)
tempMed                                           ./src/TPFinal.o
temperatura                                       ./src/TPFinal.o
tono                                              ./src/TPFinal.o
uart_RxChar                                       ./src/TPFinal.o
uart_init                                         ./src/TPFinal.o
